================================================================================
RICERCA PYLUCENE - 2025-08-21 11:31:15
================================================================================
File CSV: ../docs/dataset.csv
Directory indice: /Users/leovita/uni/unidev/GestioneInfo/pylucene/pylucene-10.0.0/full-text-search/indexing
Query testate: 11
================================================================================

==================================================
RISULTATI RICERCA BM25
==================================================

QUERY: 'Night Christmas' (Tempo: 0.1044s)
----------------------------------------
Rank 1: cardin criticis iraq war cost...
      Contenuto: billion pound spent conflict iraq middl east use reduc poverti cardin cormac mur...
      Categoria: Politics
      SNIPPET EVIDENZIATO:  peac one wish happi <mark>christma</mark> fellow <mark>christian</mark> iraq holi land suffer africa unless whatev way open us
Rank 2: viru pose christma email...
      Contenuto: secur firm warn window viru disguis electron christma card zafid viru translat c...
      Categoria: Technology
      SNIPPET EVIDENZIATO:  appear april year seen hoax sever <mark>christmas</mark> alreadi person prefer tradit pen paper card recommend
Rank 3: viru pose christma email...
      Contenuto: secur firm warn window viru disguis electron christma card zafid viru translat c...
      Categoria: Technology
      SNIPPET EVIDENZIATO:  appear april year seen hoax sever <mark>christmas</mark> alreadi person prefer tradit pen paper card recommend
Rank 4: christma sale worst sinc 1981...
      Contenuto: uk retail sale fell decemb fail meet expect make count worst christma sinc 1981 ...
      Categoria: Business
      SNIPPET EVIDENZIATO:  governor mervyn king indic last <mark>night</mark> dont realli get accur impress <mark>christma</mark> trade easter said mr
Rank 5: tripl triumph littl britain...
      Contenuto: top tv cult hit littl britain triumph offic 15th annual british comedi award bbc...
      Categoria: Entertainment
      SNIPPET EVIDENZIATO:  best tv comedi actor offic creator ricki gervai special award write also good <mark>night</mark> ant dec clinch

QUERY: 'Tennis shoes' (Tempo: 0.0384s)
----------------------------------------
Rank 1: women mp reveal sexist taunt...
      Contenuto: women mp endur shock level sexist abus hand male counterpart new studi show male...
      Categoria: Politics
      SNIPPET EVIDENZIATO: women mp endur <mark>shock</mark> level sexist abus hand male counterpart new studi <mark>show</mark> male mp pretend juggl
Rank 2: labour pig poster antisemit...
      Contenuto: labour parti accus antisemit poster depict michael howard oliv letwin jewish fli...
      Categoria: Politics
      SNIPPET EVIDENZIATO:  candid andrew mennear <mark>whose</mark> finchley constitu contain larg jewish commun brand tasteless offens
Rank 3: rapper 50 cent end proteg feud...
      Contenuto: rapper 50 cent end public feud proteg game pair said want good role model commun...
      Categoria: Entertainment
      SNIPPET EVIDENZIATO:  interview pair <mark>shook</mark> hand hand money music project new york depriv area wednesday game <mark>whose</mark> real
Rank 4: smart search let art fan brows...
      Contenuto: dont know art know like new search technolog could prove use gateway paint artga...
      Categoria: Technology
      SNIPPET EVIDENZIATO:  research unit test tate new way brows onlin collect paint rather search name artist paint user <mark>shown</mark>
Rank 5: milburn defend poster campaign...
      Contenuto: labour elect chief alan milburn defend parti campaign poster amid tori claim ad ...
      Categoria: Politics
      SNIPPET EVIDENZIATO: labour elect chief alan milburn defend parti campaign poster amid tori claim ad noth <mark>short</mark> sli

QUERY: 'Negro' (Tempo: 0.0269s)
----------------------------------------
Rank 1: ail eurodisney vow turnaround...
      Contenuto: eurodisney european home mickey mous friend said sell 253m euro £175m 328m new s...
      Categoria: Business
      SNIPPET EVIDENZIATO: eurodisney european home mickey mous friend said sell 253m <mark>euro</mark> £175m 328m new share look avoid
Rank 2: borussia dortmund near bust...
      Contenuto: german footbal club former european champion borussia dortmund warn go bankrupt ...
      Categoria: Business
      SNIPPET EVIDENZIATO:  greater control share borussia dortmund germani stockmarket list footbal club drop almost 23 205 <mark>euro</mark>
Rank 3: asian bank halt dollar slide...
      Contenuto: dollar regain lost ground major currenc wednesday south korea japan deni plan se...
      Categoria: Business
      SNIPPET EVIDENZIATO:  also edg higher <mark>euro</mark> pound one <mark>euro</mark> worth 13218 one pound buy 19094 concern rise oil price outlook
Rank 4: shark tale dvd us bestsel...
      Contenuto: oscarnomin anim shark tale rake 80m £424m first week us dvd releas becom year be...
      Categoria: Entertainment
      SNIPPET EVIDENZIATO:  earn dvd first week sale alltim firstweek record held 1995 lion king follow shrek 2 find <mark>nemo</mark> origin
Rank 5: strong dollar call halt slide...
      Contenuto: us dollar slide euro yen halt us treasuri secretari john snow said strong dollar...
      Categoria: Business
      SNIPPET EVIDENZIATO: us dollar slide <mark>euro</mark> yen halt us treasuri secretari john snow said strong dollar america interest

QUERY: 'Technology advancement' (Tempo: 0.0079s)
----------------------------------------
Nessun risultato trovato

QUERY: 'Economy trends' (Tempo: 0.0296s)
----------------------------------------
Rank 1: uk net user lead tv download...
      Contenuto: british tv viewer lead trend illeg download us show net accord research new epis...
      Categoria: Technology
      SNIPPET EVIDENZIATO: british tv viewer lead <mark>trend</mark> illeg download us show net accord research new episod 24 desper housew
Rank 2: casual game take...
      Contenuto: game aim casual player set even bigger 2005 accord industri expert easytoplay ti...
      Categoria: Technology
      SNIPPET EVIDENZIATO:  playabl onlin download mobil devic see real growth come year <mark>trend</mark> show game bighit game consol
Rank 3: mix christma us retail...
      Contenuto: us retail post mix result decemb luxuri retail fare well mani other forc slash p...
      Categoria: Business
      SNIPPET EVIDENZIATO:  upscal depart store nordstrom said store sale 93 higher period last year <mark>trendi</mark> youth label also sold
Rank 4: tick budget face us...
      Contenuto: budget propos laid administr us presid georg w bush highli controversi washingto...
      Categoria: Business
      SNIPPET EVIDENZIATO:  coverag bush budget domin debat spend cut fact larg cut small program standpoint big fiscal <mark>trend</mark>
Rank 5: landmark movi 2004 hail...
      Contenuto: us film profession declar fahrenheit 911 passion christ two signific cultur mile...
      Categoria: Entertainment
      SNIPPET EVIDENZIATO:  terri malloy live forev annal film histori list also acknowledg key influenc <mark>trend</mark> world film

QUERY: 'Political news' (Tempo: 0.0231s)
----------------------------------------
Rank 1: voter dont trust politician...
      Contenuto: eight 10 voter trust politician tell truth new poll conduct bbc suggest 87 1000 ...
      Categoria: Politics
      SNIPPET EVIDENZIATO:  <mark>news</mark> 24 said politician deliv promis poll come foreign secretari jack straw predict trust would key
Rank 2: voter flock blog award site...
      Contenuto: vote way annual bloggi recognis best web blog onlin space peopl publish thought ...
      Categoria: Technology
      SNIPPET EVIDENZIATO:  traffic first year server bandwidth limit guess much id <mark>need</mark> said mani <mark>new</mark> finalist year ad bloggi sever
Rank 3: blair said would stand...
      Contenuto: toni blair promis gordon brown would stand next elect new book chancellor claim ...
      Categoria: Politics
      SNIPPET EVIDENZIATO: toni blair promis gordon brown would stand <mark>next</mark> elect <mark>new</mark> book chancellor claim prime minist chang
Rank 4: game firm face tough futur...
      Contenuto: uk video game firm face test time prepar next round game consol industri warn fr...
      Categoria: Technology
      SNIPPET EVIDENZIATO:  2005 <mark>new</mark> machin much greater process graphic power huge impact develop <mark>next</mark> gener game mr hasson said
Rank 5: game maker fight surviv...
      Contenuto: one britain largest independ game maker argonaut game put sale londonbas compani...
      Categoria: Technology
      SNIPPET EVIDENZIATO:  london stock exchang part costcut measur 100 employe fire <mark>news</mark> £6m loss came <mark>knew</mark> go redund said jason

QUERY: 'Health tips' (Tempo: 0.0194s)
----------------------------------------
Rank 1: hospit suspend welsh plan...
      Contenuto: english hospit suspend plan stop treat welsh patient wait three month hereford c...
      Categoria: Politics
      SNIPPET EVIDENZIATO:  push back anoth queue talk powi <mark>health</mark> board hospit call plan <mark>health</mark> chief meet earli januari
Rank 2: scot smoke ban detail set...
      Contenuto: smokefre area save live improv scotland health first minist jack mcconnel insist...
      Categoria: Politics
      SNIPPET EVIDENZIATO:  thing past still nation habit hold us back <mark>time</mark> come parliament acceler improv <mark>health</mark> declar <mark>health</mark>
Rank 3: wale must learn health lesson...
      Contenuto: new health minist wale say lesson learn england tackl wait list dr brian gibbon ...
      Categoria: Politics
      SNIPPET EVIDENZIATO:  need chang polici meanwhil ms hutt defend record say wait <mark>time</mark> list 10 <mark>health</mark> agenda dr gibbon gp
Rank 4: protect whistleblow tuc say...
      Contenuto: govern chang law give protect employe rais health safeti concern workplac tuc sa...
      Categoria: Politics
      SNIPPET EVIDENZIATO: govern chang law give protect employe rais <mark>health</mark> safeti concern workplac tuc said said data employ
Rank 5: nh wait time target cut...
      Contenuto: hospit wait time patient wale cut extent england welsh health minist jane hutt s...
      Categoria: Politics
      SNIPPET EVIDENZIATO: hospit wait <mark>time</mark> patient wale cut extent england welsh <mark>health</mark> minist jane hutt said patient would

QUERY: 'Global warming' (Tempo: 0.0235s)
----------------------------------------
Rank 1: springer criticis opera music...
      Contenuto: talk show host jerri springer whose programm inspir controversi opera shown bbc ...
      Categoria: Entertainment
      SNIPPET EVIDENZIATO:  peopl defi anyon watch show suggest peopl arent degre dysfunct show war iraq wouldnt make <mark>warmong</mark> would
Rank 2: winemak reject foster offer...
      Contenuto: australian winemak southcorp reject takeov offer worth 31bn australian dollar 23...
      Categoria: Business
      SNIPPET EVIDENZIATO:  compani held four day talk foster bought 188 stake southcorp 13 januari merger would creat <mark>global</mark> player
Rank 3: euro firm miss optim...
      Contenuto: 90 larg compani around world highli optimist econom prospect survey 1300 boss su...
      Categoria: Business
      SNIPPET EVIDENZIATO:  boss gloomi prospect <mark>global</mark> busi leader say face twoprong regulatori assault string corpor scandal
Rank 4: boom market shed tear...
      Contenuto: market former british govern minist michael heseltin said moral inde stock excha...
      Categoria: Business
      SNIPPET EVIDENZIATO:  world share index measur <mark>global</mark> stock market perform hit highest level week sinc earli 2001 bbc <mark>global</mark>
Rank 5: blair congratul bush win...
      Contenuto: toni blair said look forward continu strong relationship georg bush work second ...
      Categoria: Politics
      SNIPPET EVIDENZIATO:  need poverti middl east condit terrorist prey mr blair said state work us fight <mark>global</mark> terror need

QUERY: 'Sports update' (Tempo: 0.0178s)
----------------------------------------
Rank 1: microsoft releas patch...
      Contenuto: microsoft warn pc user updat system latest secur fix flaw window program monthli...
      Categoria: Technology
      SNIPPET EVIDENZIATO: microsoft warn pc user <mark>updat</mark> system latest secur fix flaw window program monthli secur bulletin
Rank 2: microsoft releas bumper patch...
      Contenuto: microsoft warn pc user updat system latest secur fix flaw window program monthli...
      Categoria: Technology
      SNIPPET EVIDENZIATO: microsoft warn pc user <mark>updat</mark> system latest secur fix flaw window program monthli secur bulletin
Rank 3: spear seek abort tour payment...
      Contenuto: singer britney spear su eight insur compani refus reimburs cancel 2004 world tou...
      Categoria: Entertainment
      SNIPPET EVIDENZIATO:  22yearold star initi miss number show <mark>82date</mark> tour injur knee show illinoi last march rush hospit need
Rank 4: microsoft set sight spywar...
      Contenuto: window user could soon pay microsoft keep pc free spywar follow takeov antispywa...
      Categoria: Technology
      SNIPPET EVIDENZIATO:  regularli <mark>updat</mark> catch latest variant mani microsoft secur boost program firewal window xp given away free
Rank 5: microsoft make antipiraci move...
      Contenuto: microsoft say clamp peopl run pirat version window oper system restrict access s...
      Categoria: Technology
      SNIPPET EVIDENZIATO:  crucial secur fix via automat <mark>updat</mark> option would limit microsoft releas regular secur <mark>updat</mark> softwar

QUERY: 'Fashion trends' (Tempo: 0.0178s)
----------------------------------------
Rank 1: chelsea clinch cup extratim...
      Contenuto: extratim score 90 min 11 john arn riis volley liverpool ahead 45 second steven g...
      Categoria: Sport
      SNIPPET EVIDENZIATO:  <mark>fashion</mark> next clear opportun lui garcia fed dietmar hamann whose shot forc superb save cech blue
Rank 2: uk net user lead tv download...
      Contenuto: british tv viewer lead trend illeg download us show net accord research new epis...
      Categoria: Technology
      SNIPPET EVIDENZIATO: british tv viewer lead <mark>trend</mark> illeg download us show net accord research new episod 24 desper housew
Rank 3: lacroix label bought us firm...
      Contenuto: luxuri good group lvmh sold lossmak christian lacroix cloth label us invest grou...
      Categoria: Business
      SNIPPET EVIDENZIATO:  lvmh 2003 sale lacroix label come mani <mark>fashion</mark> hous struggl make money expens haut coutur rang
Rank 4: bond game fail shake stir...
      Contenuto: game fan word goldeney evok excit memori jame bond reviv flick 1995 also classic...
      Categoria: Technology
      SNIPPET EVIDENZIATO:  resurrect year face render impress recognis <mark>fashion</mark> real thrill battl legendari villain testament power bond
Rank 5: artist secret postcard sale...
      Contenuto: postcard artist includ damien hirst tracey emin sold hour open royal academi art...
      Categoria: Entertainment
      SNIPPET EVIDENZIATO:  work would known look exhibit open view sinc 19 novemb film director ken loach <mark>fashion</mark> design hussein

QUERY: 'Educational reforms' (Tempo: 0.0184s)
----------------------------------------
Rank 1: kinnock urg reform lord...
      Contenuto: neil kinnock said accept seat hous lord allow help achiev progress substanti dem...
      Categoria: Politics
      SNIPPET EVIDENZIATO: neil kinnock said accept seat hous lord allow help achiev progress substanti democrat <mark>reform</mark> bbc
Rank 2: germani call eu reform...
      Contenuto: german chancellor gerhard schroeder call radic reform eu stabil pact grant count...
      Categoria: Business
      SNIPPET EVIDENZIATO: german chancellor gerhard schroeder call radic <mark>reform</mark> eu stabil pact grant countri flexibl budget
Rank 3: boothroyd call lord speaker...
      Contenuto: betti boothroyd said hous lord need speaker peer lead way reform upper chamber b...
      Categoria: Politics
      SNIPPET EVIDENZIATO: betti boothroyd said hous lord need speaker peer lead way <mark>reform</mark> upper chamber baro boothroyd first
Rank 4: boothroyd call lord speaker...
      Contenuto: betti boothroyd said hous lord need speaker peer lead way reform upper chamber b...
      Categoria: Politics
      SNIPPET EVIDENZIATO: betti boothroyd said hous lord need speaker peer lead way <mark>reform</mark> upper chamber baro boothroyd first
Rank 5: reform ahead say milburn...
      Contenuto: labour continu pursu controversi reform win third term power parti elect chief a...
      Categoria: Politics
      SNIPPET EVIDENZIATO: labour continu pursu controversi <mark>reform</mark> win third term power parti elect chief alan milburn said

TEMPO MEDIO BM25: 0.0297 secondi

==================================================
RISULTATI RICERCA TF-IDF
==================================================

QUERY: 'Night Christmas' (Tempo: 0.0224s)
----------------------------------------
Rank 1: christma song formula unveil...
      Contenuto: formula ultim christma singl reveal chart bibl british hit singl album recip inc...
      Categoria: Entertainment
      SNIPPET EVIDENZIATO: formula ultim <mark>christma</mark> singl reveal chart bibl british hit singl album recip includ refer father
Rank 2: viru pose christma email...
      Contenuto: secur firm warn window viru disguis electron christma card zafid viru translat c...
      Categoria: Technology
      SNIPPET EVIDENZIATO:  appear april year seen hoax sever <mark>christmas</mark> alreadi person prefer tradit pen paper card recommend
Rank 3: viru pose christma email...
      Contenuto: secur firm warn window viru disguis electron christma card zafid viru translat c...
      Categoria: Technology
      SNIPPET EVIDENZIATO:  appear april year seen hoax sever <mark>christmas</mark> alreadi person prefer tradit pen paper card recommend
Rank 4: cardin criticis iraq war cost...
      Contenuto: billion pound spent conflict iraq middl east use reduc poverti cardin cormac mur...
      Categoria: Politics
      SNIPPET EVIDENZIATO:  peac one wish happi <mark>christma</mark> fellow <mark>christian</mark> iraq holi land suffer africa unless whatev way open us
Rank 5: christma sale worst sinc 1981...
      Contenuto: uk retail sale fell decemb fail meet expect make count worst christma sinc 1981 ...
      Categoria: Business
      SNIPPET EVIDENZIATO:  governor mervyn king indic last <mark>night</mark> dont realli get accur impress <mark>christma</mark> trade easter said mr

QUERY: 'Tennis shoes' (Tempo: 0.0154s)
----------------------------------------
Rank 1: springer criticis opera music...
      Contenuto: talk show host jerri springer whose programm inspir controversi opera shown bbc ...
      Categoria: Entertainment
      SNIPPET EVIDENZIATO: talk <mark>show</mark> host jerri springer <mark>whose</mark> programm inspir controversi opera <mark>shown</mark> bbc said would written
Rank 2: women mp reveal sexist taunt...
      Contenuto: women mp endur shock level sexist abus hand male counterpart new studi show male...
      Categoria: Politics
      SNIPPET EVIDENZIATO: women mp endur <mark>shock</mark> level sexist abus hand male counterpart new studi <mark>show</mark> male mp pretend juggl
Rank 3: labour pig poster antisemit...
      Contenuto: labour parti accus antisemit poster depict michael howard oliv letwin jewish fli...
      Categoria: Politics
      SNIPPET EVIDENZIATO:  candid andrew mennear <mark>whose</mark> finchley constitu contain larg jewish commun brand tasteless offens
Rank 4: remot control rifl rang debut...
      Contenuto: soon could go hunt via net texa compani consid let web user use remotecontrol ri...
      Categoria: Technology
      SNIPPET EVIDENZIATO:  cost 150 addit fee meat process taxidermi work speci <mark>shot</mark> includ barbari corsican mouflon <mark>sheep</mark>
Rank 5: rapper 50 cent end proteg feud...
      Contenuto: rapper 50 cent end public feud proteg game pair said want good role model commun...
      Categoria: Entertainment
      SNIPPET EVIDENZIATO:  interview pair <mark>shook</mark> hand hand money music project new york depriv area wednesday game <mark>whose</mark> real

QUERY: 'Negro' (Tempo: 0.0140s)
----------------------------------------
Rank 1: newri fight cup exit court...
      Contenuto: newri citi expect discuss legal avenu friday regard overturn eject nationwid iri...
      Categoria: Sport
      SNIPPET EVIDENZIATO: <mark>newri</mark> citi expect discuss legal avenu friday regard overturn eject nationwid irish cup ifa upheld
Rank 2: ail eurodisney vow turnaround...
      Contenuto: eurodisney european home mickey mous friend said sell 253m euro £175m 328m new s...
      Categoria: Business
      SNIPPET EVIDENZIATO: eurodisney european home mickey mous friend said sell 253m <mark>euro</mark> £175m 328m new share look avoid
Rank 3: deutsch telekom see mobil gain...
      Contenuto: german telecom firm deutsch telekom saw strong fourth quarter profit back upbeat...
      Categoria: Business
      SNIPPET EVIDENZIATO:  betterthanexpect asset sale net profit came 14bn <mark>euro</mark> £960m 185bn dramat chang loss 364m <mark>euro</mark> 2003 sale
Rank 4: borussia dortmund near bust...
      Contenuto: german footbal club former european champion borussia dortmund warn go bankrupt ...
      Categoria: Business
      SNIPPET EVIDENZIATO:  greater control share borussia dortmund germani stockmarket list footbal club drop almost 23 205 <mark>euro</mark>
Rank 5: dollar hit new low versu euro...
      Contenuto: us dollar continu recordbreak slide tumbl new low euro investor bet european cen...
      Categoria: Business
      SNIPPET EVIDENZIATO: us dollar continu recordbreak slide tumbl new low <mark>euro</mark> investor bet european central bank ecb anyth

QUERY: 'Technology advancement' (Tempo: 0.0044s)
----------------------------------------
Nessun risultato trovato

QUERY: 'Economy trends' (Tempo: 0.0167s)
----------------------------------------
Rank 1: uk net user lead tv download...
      Contenuto: british tv viewer lead trend illeg download us show net accord research new epis...
      Categoria: Technology
      SNIPPET EVIDENZIATO: british tv viewer lead <mark>trend</mark> illeg download us show net accord research new episod 24 desper housew
Rank 2: mix signal french economi...
      Contenuto: french economi pick speed end 2004 offici figur show still look set fallen short...
      Categoria: Business
      SNIPPET EVIDENZIATO:  appar shortfal annual econom growth good quarterli figur socal flash estim mark continu <mark>trend</mark>
Rank 3: landmark movi 2004 hail...
      Contenuto: us film profession declar fahrenheit 911 passion christ two signific cultur mile...
      Categoria: Entertainment
      SNIPPET EVIDENZIATO:  terri malloy live forev annal film histori list also acknowledg key influenc <mark>trend</mark> world film
Rank 4: mix christma us retail...
      Contenuto: us retail post mix result decemb luxuri retail fare well mani other forc slash p...
      Categoria: Business
      SNIPPET EVIDENZIATO:  upscal depart store nordstrom said store sale 93 higher period last year <mark>trendi</mark> youth label also sold
Rank 5: casual game take...
      Contenuto: game aim casual player set even bigger 2005 accord industri expert easytoplay ti...
      Categoria: Technology
      SNIPPET EVIDENZIATO:  playabl onlin download mobil devic see real growth come year <mark>trend</mark> show game bighit game consol

QUERY: 'Political news' (Tempo: 0.0147s)
----------------------------------------
Rank 1: news corp make 54bn fox offer...
      Contenuto: news corpor seek buy minor investor fox entertain group broadcast subsidiari 54b...
      Categoria: Business
      SNIPPET EVIDENZIATO:  hold analyst said decis list <mark>news</mark> corp us result firm share trade <mark>new</mark> york rather sydney nullifi <mark>need</mark>
Rank 2: ryanair 4bn boe plane deal...
      Contenuto: budget airlin ryanair place order 70 boe 737800 plane deal valu 4bn £21bn lead 2...
      Categoria: Business
      SNIPPET EVIDENZIATO:  creat <mark>next</mark> seven year ad order seen good <mark>news</mark> boe recent year overtaken european plane maker airbu
Rank 3: game firm face tough futur...
      Contenuto: uk video game firm face test time prepar next round game consol industri warn fr...
      Categoria: Technology
      SNIPPET EVIDENZIATO:  2005 <mark>new</mark> machin much greater process graphic power huge impact develop <mark>next</mark> gener game mr hasson said
Rank 4: ail eurodisney vow turnaround...
      Contenuto: eurodisney european home mickey mous friend said sell 253m euro £175m 328m new s...
      Categoria: Business
      SNIPPET EVIDENZIATO:  trade stock tumbl pari latest <mark>news</mark> shed 15 22 euro cent eurodisney sell <mark>new</mark> share price 9 euro cent
Rank 5: top pop leav bbc one...
      Contenuto: bbc flagship pop music programm top pop move bbc one friday sunday bbc two new p...
      Categoria: Entertainment
      SNIPPET EVIDENZIATO:  fearn cotton <mark>new</mark> show launch spring <mark>next</mark> year extend format bbc two control roli keat excit <mark>new</mark> era top

QUERY: 'Health tips' (Tempo: 0.0132s)
----------------------------------------
Rank 1: hospit suspend welsh plan...
      Contenuto: english hospit suspend plan stop treat welsh patient wait three month hereford c...
      Categoria: Politics
      SNIPPET EVIDENZIATO:  push back anoth queue talk powi <mark>health</mark> board hospit call plan <mark>health</mark> chief meet earli januari
Rank 2: protect whistleblow tuc say...
      Contenuto: govern chang law give protect employe rais health safeti concern workplac tuc sa...
      Categoria: Politics
      SNIPPET EVIDENZIATO: govern chang law give protect employe rais <mark>health</mark> safeti concern workplac tuc said said data employ
Rank 3: mourinho take swipe arsen...
      Contenuto: chelsea boss jose mourinho attempt pile pressur titl rival arsen ahead gunner fa...
      Categoria: Sport
      SNIPPET EVIDENZIATO:  two match three day foreign mani player although understand tradit footbal <mark>time</mark> year good <mark>health</mark>
Rank 4: scot smoke ban detail set...
      Contenuto: smokefre area save live improv scotland health first minist jack mcconnel insist...
      Categoria: Politics
      SNIPPET EVIDENZIATO:  thing past still nation habit hold us back <mark>time</mark> come parliament acceler improv <mark>health</mark> declar <mark>health</mark>
Rank 5: wale must learn health lesson...
      Contenuto: new health minist wale say lesson learn england tackl wait list dr brian gibbon ...
      Categoria: Politics
      SNIPPET EVIDENZIATO:  need chang polici meanwhil ms hutt defend record say wait <mark>time</mark> list 10 <mark>health</mark> agenda dr gibbon gp

QUERY: 'Global warming' (Tempo: 0.0170s)
----------------------------------------
Rank 1: springer criticis opera music...
      Contenuto: talk show host jerri springer whose programm inspir controversi opera shown bbc ...
      Categoria: Entertainment
      SNIPPET EVIDENZIATO:  peopl defi anyon watch show suggest peopl arent degre dysfunct show war iraq wouldnt make <mark>warmong</mark> would
Rank 2: winemak reject foster offer...
      Contenuto: australian winemak southcorp reject takeov offer worth 31bn australian dollar 23...
      Categoria: Business
      SNIPPET EVIDENZIATO:  compani held four day talk foster bought 188 stake southcorp 13 januari merger would creat <mark>global</mark> player
Rank 3: euro firm miss optim...
      Contenuto: 90 larg compani around world highli optimist econom prospect survey 1300 boss su...
      Categoria: Business
      SNIPPET EVIDENZIATO:  boss gloomi prospect <mark>global</mark> busi leader say face twoprong regulatori assault string corpor scandal
Rank 4: boom market shed tear...
      Contenuto: market former british govern minist michael heseltin said moral inde stock excha...
      Categoria: Business
      SNIPPET EVIDENZIATO:  world share index measur <mark>global</mark> stock market perform hit highest level week sinc earli 2001 bbc <mark>global</mark>
Rank 5: strong quarterli growth nike...
      Contenuto: nike report best secondquart earn help strong demand athlet shoe convers sneaker...
      Categoria: Business
      SNIPPET EVIDENZIATO: nike report best secondquart earn help strong demand athlet shoe convers sneaker <mark>global</mark> sport giant

QUERY: 'Sports update' (Tempo: 0.0148s)
----------------------------------------
Rank 1: microsoft releas patch...
      Contenuto: microsoft warn pc user updat system latest secur fix flaw window program monthli...
      Categoria: Technology
      SNIPPET EVIDENZIATO: microsoft warn pc user <mark>updat</mark> system latest secur fix flaw window program monthli secur bulletin
Rank 2: microsoft releas bumper patch...
      Contenuto: microsoft warn pc user updat system latest secur fix flaw window program monthli...
      Categoria: Technology
      SNIPPET EVIDENZIATO: microsoft warn pc user <mark>updat</mark> system latest secur fix flaw window program monthli secur bulletin
Rank 3: hacker threat appl itun...
      Contenuto: user appl music jukebox itun need updat softwar avoid potenti secur threat hacke...
      Categoria: Technology
      SNIPPET EVIDENZIATO: user appl music jukebox itun need <mark>updat</mark> softwar avoid potenti secur threat hacker build malici
Rank 4: spear seek abort tour payment...
      Contenuto: singer britney spear su eight insur compani refus reimburs cancel 2004 world tou...
      Categoria: Entertainment
      SNIPPET EVIDENZIATO:  22yearold star initi miss number show <mark>82date</mark> tour injur knee show illinoi last march rush hospit need
Rank 5: microsoft make antipiraci move...
      Contenuto: microsoft say clamp peopl run pirat version window oper system restrict access s...
      Categoria: Technology
      SNIPPET EVIDENZIATO:  crucial secur fix via automat <mark>updat</mark> option would limit microsoft releas regular secur <mark>updat</mark> softwar

QUERY: 'Fashion trends' (Tempo: 0.0151s)
----------------------------------------
Rank 1: lacroix label bought us firm...
      Contenuto: luxuri good group lvmh sold lossmak christian lacroix cloth label us invest grou...
      Categoria: Business
      SNIPPET EVIDENZIATO:  lvmh 2003 sale lacroix label come mani <mark>fashion</mark> hous struggl make money expens haut coutur rang
Rank 2: chelsea clinch cup extratim...
      Contenuto: extratim score 90 min 11 john arn riis volley liverpool ahead 45 second steven g...
      Categoria: Sport
      SNIPPET EVIDENZIATO:  <mark>fashion</mark> next clear opportun lui garcia fed dietmar hamann whose shot forc superb save cech blue
Rank 3: uk net user lead tv download...
      Contenuto: british tv viewer lead trend illeg download us show net accord research new epis...
      Categoria: Technology
      SNIPPET EVIDENZIATO: british tv viewer lead <mark>trend</mark> illeg download us show net accord research new episod 24 desper housew
Rank 4: artist secret postcard sale...
      Contenuto: postcard artist includ damien hirst tracey emin sold hour open royal academi art...
      Categoria: Entertainment
      SNIPPET EVIDENZIATO:  work would known look exhibit open view sinc 19 novemb film director ken loach <mark>fashion</mark> design hussein
Rank 5: mix signal french economi...
      Contenuto: french economi pick speed end 2004 offici figur show still look set fallen short...
      Categoria: Business
      SNIPPET EVIDENZIATO:  appar shortfal annual econom growth good quarterli figur socal flash estim mark continu <mark>trend</mark>

QUERY: 'Educational reforms' (Tempo: 0.0159s)
----------------------------------------
Rank 1: kinnock urg reform lord...
      Contenuto: neil kinnock said accept seat hous lord allow help achiev progress substanti dem...
      Categoria: Politics
      SNIPPET EVIDENZIATO: neil kinnock said accept seat hous lord allow help achiev progress substanti democrat <mark>reform</mark> bbc
Rank 2: boothroyd call lord speaker...
      Contenuto: betti boothroyd said hous lord need speaker peer lead way reform upper chamber b...
      Categoria: Politics
      SNIPPET EVIDENZIATO: betti boothroyd said hous lord need speaker peer lead way <mark>reform</mark> upper chamber baro boothroyd first
Rank 3: boothroyd call lord speaker...
      Contenuto: betti boothroyd said hous lord need speaker peer lead way reform upper chamber b...
      Categoria: Politics
      SNIPPET EVIDENZIATO: betti boothroyd said hous lord need speaker peer lead way <mark>reform</mark> upper chamber baro boothroyd first
Rank 4: germani call eu reform...
      Contenuto: german chancellor gerhard schroeder call radic reform eu stabil pact grant count...
      Categoria: Business
      SNIPPET EVIDENZIATO: german chancellor gerhard schroeder call radic <mark>reform</mark> eu stabil pact grant countri flexibl budget
Rank 5: reform ahead say milburn...
      Contenuto: labour continu pursu controversi reform win third term power parti elect chief a...
      Categoria: Politics
      SNIPPET EVIDENZIATO: labour continu pursu controversi <mark>reform</mark> win third term power parti elect chief alan milburn said

TEMPO MEDIO TF-IDF: 0.0149 secondi

================================================================================
RISULTATO FINALE
================================================================================
Modello TFIDF vince con tempo di esecuzione medio pari a 0.014863295988603071s vs 0.029749371788718483s
File log salvato: search_results_20250821_113115.log
================================================================================
