================================================================================
RICERCA PYLUCENE - 2025-08-21 11:37:10
================================================================================
File CSV: ../docs/dataset.csv
Directory indice: /Users/leovita/uni/unidev/GestioneInfo/pylucene/pylucene-10.0.0/full-text-search/indexing
Query testate: 11
================================================================================

==================================================
RISULTATI RICERCA BM25
==================================================

QUERY: 'Night Christmas' (Tempo: 0.1348s)
----------------------------------------
Rank 1: viru pose christma email...
      Contenuto: secur firm warn window viru disguis electron christma card zafid viru translat c...
      Categoria: Technology
      SNIPPET EVIDENZIATO:  appear april year seen hoax sever <mark>christmas</mark> alreadi person prefer tradit pen paper card recommend
Rank 2: viru pose christma email...
      Contenuto: secur firm warn window viru disguis electron christma card zafid viru translat c...
      Categoria: Technology
      SNIPPET EVIDENZIATO:  appear april year seen hoax sever <mark>christmas</mark> alreadi person prefer tradit pen paper card recommend
Rank 3: liverpool revel night glori...
      Contenuto: liverpool manag rafael benitez said qualif next stage champion leagu one proudes...
      Categoria: Sport
      SNIPPET EVIDENZIATO: liverpool manag rafael benitez said qualif next stage champion leagu one proudest <mark>night</mark> career red
Rank 4: tripl triumph littl britain...
      Contenuto: top tv cult hit littl britain triumph offic 15th annual british comedi award bbc...
      Categoria: Entertainment
      SNIPPET EVIDENZIATO:  best tv comedi actor offic creator ricki gervai special award write also good <mark>night</mark> ant dec clinch
Rank 5: hollywood readi oscar night...
      Contenuto: hollywood prepar biggest night film world calendar 77th academi award sunday hos...
      Categoria: Entertainment
      SNIPPET EVIDENZIATO: hollywood prepar biggest <mark>night</mark> film world calendar 77th academi award sunday host star expect grace

QUERY: 'Tennis shoes' (Tempo: 0.0226s)
----------------------------------------
Nessun risultato trovato

QUERY: 'Negro' (Tempo: 0.0022s)
----------------------------------------
Nessun risultato trovato

QUERY: 'Technology advancement' (Tempo: 0.0239s)
----------------------------------------
Nessun risultato trovato

QUERY: 'Economy trends' (Tempo: 0.0181s)
----------------------------------------
Rank 1: mix christma us retail...
      Contenuto: us retail post mix result decemb luxuri retail fare well mani other forc slash p...
      Categoria: Business
      SNIPPET EVIDENZIATO:  upscal depart store nordstrom said store sale 93 higher period last year <mark>trendi</mark> youth label also sold
Rank 2: landmark movi 2004 hail...
      Contenuto: us film profession declar fahrenheit 911 passion christ two signific cultur mile...
      Categoria: Entertainment
      SNIPPET EVIDENZIATO:  terri malloy live forev annal film histori list also acknowledg key influenc <mark>trend</mark> world film
Rank 3: gate open biggest gadget fair...
      Contenuto: bill gate open consum electron show ce la vega say gadget work togeth help peopl...
      Categoria: Technology
      SNIPPET EVIDENZIATO:  120000 peopl expect attend trade show stretch 15 million squar feet run 6 9 januari latest <mark>trend</mark> digit
Rank 4: mix signal french economi...
      Contenuto: french economi pick speed end 2004 offici figur show still look set fallen short...
      Categoria: Business
      SNIPPET EVIDENZIATO:  appar shortfal annual econom growth good quarterli figur socal flash estim mark continu <mark>trend</mark>
Rank 5: uk net user lead tv download...
      Contenuto: british tv viewer lead trend illeg download us show net accord research new epis...
      Categoria: Technology
      SNIPPET EVIDENZIATO: british tv viewer lead <mark>trend</mark> illeg download us show net accord research new episod 24 desper housew

QUERY: 'Political news' (Tempo: 0.0146s)
----------------------------------------
Rank 1: china block googl news site...
      Contenuto: china accus block access googl news media watchdog report without border parisba...
      Categoria: Technology
      SNIPPET EVIDENZIATO: china accus block access googl <mark>news</mark> media watchdog report without border parisbas pressur group
Rank 2: news corp make 54bn fox offer...
      Contenuto: news corpor seek buy minor investor fox entertain group broadcast subsidiari 54b...
      Categoria: Business
      SNIPPET EVIDENZIATO: <mark>news</mark> corpor seek buy minor investor fox entertain group broadcast subsidiari 54bn £37bn media giant
Rank 3: news corp eye video game market...
      Contenuto: news corp media compani control australian billionair rupert murdoch eye move vi...
      Categoria: Business
      SNIPPET EVIDENZIATO: <mark>news</mark> corp media compani control australian billionair rupert murdoch eye move video game market
Rank 4: landmark movi 2004 hail...
      Contenuto: us film profession declar fahrenheit 911 passion christ two signific cultur mile...
      Categoria: Entertainment
      SNIPPET EVIDENZIATO:  tv <mark>news</mark> us refer marlon brando death 1 juli age 80 13strong afi juri conclud art screen act two
Rank 5: blog read explod america...
      Contenuto: american becom avid blog reader 32 million get hook 2004 accord new research sur...
      Categoria: Technology
      SNIPPET EVIDENZIATO:  found blog web log onlin space peopl publish thought opinion spread <mark>news</mark> event word compani googl

QUERY: 'Health tips' (Tempo: 0.0068s)
----------------------------------------
Rank 1: glanc tori health check...
      Contenuto: uk opposit conserv unveil plan introduc health check immigr win gener elect here...
      Categoria: Politics
      SNIPPET EVIDENZIATO: uk opposit conserv unveil plan introduc <mark>health</mark> check immigr win gener elect here guid plan peopl
Rank 2: tori plan migrant health check...
      Contenuto: noneuropean union citizen want work uk undergo test tuberculosi hiv plan unveil ...
      Categoria: Politics
      SNIPPET EVIDENZIATO:  would help protect public <mark>health</mark> nh labour said mani test alreadi done lib dem warn parti pander
Rank 3: protect whistleblow tuc say...
      Contenuto: govern chang law give protect employe rais health safeti concern workplac tuc sa...
      Categoria: Politics
      SNIPPET EVIDENZIATO: govern chang law give protect employe rais <mark>health</mark> safeti concern workplac tuc said said data employ
Rank 4: hospit suspend welsh plan...
      Contenuto: english hospit suspend plan stop treat welsh patient wait three month hereford c...
      Categoria: Politics
      SNIPPET EVIDENZIATO:  push back anoth queue talk powi <mark>health</mark> board hospit call plan <mark>health</mark> chief meet earli januari
Rank 5: wale must learn health lesson...
      Contenuto: new health minist wale say lesson learn england tackl wait list dr brian gibbon ...
      Categoria: Politics
      SNIPPET EVIDENZIATO: new <mark>health</mark> minist wale say lesson learn england tackl wait list dr brian gibbon first full day job

QUERY: 'Global warming' (Tempo: 0.0090s)
----------------------------------------
Rank 1: winemak reject foster offer...
      Contenuto: australian winemak southcorp reject takeov offer worth 31bn australian dollar 23...
      Categoria: Business
      SNIPPET EVIDENZIATO:  compani held four day talk foster bought 188 stake southcorp 13 januari merger would creat <mark>global</mark> player
Rank 2: euro firm miss optim...
      Contenuto: 90 larg compani around world highli optimist econom prospect survey 1300 boss su...
      Categoria: Business
      SNIPPET EVIDENZIATO:  boss gloomi prospect <mark>global</mark> busi leader say face twoprong regulatori assault string corpor scandal
Rank 3: boom market shed tear...
      Contenuto: market former british govern minist michael heseltin said moral inde stock excha...
      Categoria: Business
      SNIPPET EVIDENZIATO:  world share index measur <mark>global</mark> stock market perform hit highest level week sinc earli 2001 bbc <mark>global</mark>
Rank 4: blair congratul bush win...
      Contenuto: toni blair said look forward continu strong relationship georg bush work second ...
      Categoria: Politics
      SNIPPET EVIDENZIATO:  need poverti middl east condit terrorist prey mr blair said state work us fight <mark>global</mark> terror need
Rank 5: global blogger action day call...
      Contenuto: global web blog commun call action lend support two imprison iranian blogger mon...
      Categoria: Technology
      SNIPPET EVIDENZIATO: <mark>global</mark> web blog commun call action lend support two imprison iranian blogger monthold committe

QUERY: 'Sports update' (Tempo: 0.0135s)
----------------------------------------
Rank 1: microsoft make antipiraci move...
      Contenuto: microsoft say clamp peopl run pirat version window oper system restrict access s...
      Categoria: Technology
      SNIPPET EVIDENZIATO:  crucial secur fix via automat <mark>updat</mark> option would limit microsoft releas regular secur <mark>updat</mark> softwar
Rank 2: microsoft make antipiraci move...
      Contenuto: microsoft say clamp peopl run pirat version window oper system restrict access s...
      Categoria: Technology
      SNIPPET EVIDENZIATO:  crucial secur fix via automat <mark>updat</mark> option would limit microsoft releas regular secur <mark>updat</mark> softwar
Rank 3: hacker threat appl itun...
      Contenuto: user appl music jukebox itun need updat softwar avoid potenti secur threat hacke...
      Categoria: Technology
      SNIPPET EVIDENZIATO: user appl music jukebox itun need <mark>updat</mark> softwar avoid potenti secur threat hacker build malici
Rank 4: microsoft releas patch...
      Contenuto: microsoft warn pc user updat system latest secur fix flaw window program monthli...
      Categoria: Technology
      SNIPPET EVIDENZIATO: microsoft warn pc user <mark>updat</mark> system latest secur fix flaw window program monthli secur bulletin
Rank 5: microsoft releas bumper patch...
      Contenuto: microsoft warn pc user updat system latest secur fix flaw window program monthli...
      Categoria: Technology
      SNIPPET EVIDENZIATO: microsoft warn pc user <mark>updat</mark> system latest secur fix flaw window program monthli secur bulletin

QUERY: 'Fashion trends' (Tempo: 0.0061s)
----------------------------------------
Rank 1: lacroix label bought us firm...
      Contenuto: luxuri good group lvmh sold lossmak christian lacroix cloth label us invest grou...
      Categoria: Business
      SNIPPET EVIDENZIATO:  lvmh 2003 sale lacroix label come mani <mark>fashion</mark> hous struggl make money expens haut coutur rang
Rank 2: artist secret postcard sale...
      Contenuto: postcard artist includ damien hirst tracey emin sold hour open royal academi art...
      Categoria: Entertainment
      SNIPPET EVIDENZIATO:  work would known look exhibit open view sinc 19 novemb film director ken loach <mark>fashion</mark> design hussein
Rank 3: versac art portfolio sale...
      Contenuto: art collect murder fashion design gianni versac could fetch £9m 17m auction new ...
      Categoria: Entertainment
      SNIPPET EVIDENZIATO: art collect murder <mark>fashion</mark> design gianni versac could fetch £9m 17m auction new york london later
Rank 4: umbro profit lift euro 2004...
      Contenuto: uk sportswear firm umbro post 222 rise annual profit sale replica england footba...
      Categoria: Business
      SNIPPET EVIDENZIATO:  market seen sale growth 8 last year said launch evolut x <mark>fashion</mark> rang boost sale umbro suppli 150 team
Rank 5: chelsea clinch cup extratim...
      Contenuto: extratim score 90 min 11 john arn riis volley liverpool ahead 45 second steven g...
      Categoria: Sport
      SNIPPET EVIDENZIATO:  <mark>fashion</mark> next clear opportun lui garcia fed dietmar hamann whose shot forc superb save cech blue

QUERY: 'Educational reforms' (Tempo: 0.0123s)
----------------------------------------
Rank 1: kinnock urg reform lord...
      Contenuto: neil kinnock said accept seat hous lord allow help achiev progress substanti dem...
      Categoria: Politics
      SNIPPET EVIDENZIATO: neil kinnock said accept seat hous lord allow help achiev progress substanti democrat <mark>reform</mark> bbc
Rank 2: germani call eu reform...
      Contenuto: german chancellor gerhard schroeder call radic reform eu stabil pact grant count...
      Categoria: Business
      SNIPPET EVIDENZIATO: german chancellor gerhard schroeder call radic <mark>reform</mark> eu stabil pact grant countri flexibl budget
Rank 3: boothroyd call lord speaker...
      Contenuto: betti boothroyd said hous lord need speaker peer lead way reform upper chamber b...
      Categoria: Politics
      SNIPPET EVIDENZIATO: betti boothroyd said hous lord need speaker peer lead way <mark>reform</mark> upper chamber baro boothroyd first
Rank 4: boothroyd call lord speaker...
      Contenuto: betti boothroyd said hous lord need speaker peer lead way reform upper chamber b...
      Categoria: Politics
      SNIPPET EVIDENZIATO: betti boothroyd said hous lord need speaker peer lead way <mark>reform</mark> upper chamber baro boothroyd first
Rank 5: reform ahead say milburn...
      Contenuto: labour continu pursu controversi reform win third term power parti elect chief a...
      Categoria: Politics
      SNIPPET EVIDENZIATO: labour continu pursu controversi <mark>reform</mark> win third term power parti elect chief alan milburn said

TEMPO MEDIO BM25: 0.0240 secondi

==================================================
RISULTATI RICERCA TF-IDF
==================================================

QUERY: 'Night Christmas' (Tempo: 0.0069s)
----------------------------------------
Rank 1: liverpool revel night glori...
      Contenuto: liverpool manag rafael benitez said qualif next stage champion leagu one proudes...
      Categoria: Sport
      SNIPPET EVIDENZIATO: liverpool manag rafael benitez said qualif next stage champion leagu one proudest <mark>night</mark> career red
Rank 2: viru pose christma email...
      Contenuto: secur firm warn window viru disguis electron christma card zafid viru translat c...
      Categoria: Technology
      SNIPPET EVIDENZIATO:  appear april year seen hoax sever <mark>christmas</mark> alreadi person prefer tradit pen paper card recommend
Rank 3: viru pose christma email...
      Contenuto: secur firm warn window viru disguis electron christma card zafid viru translat c...
      Categoria: Technology
      SNIPPET EVIDENZIATO:  appear april year seen hoax sever <mark>christmas</mark> alreadi person prefer tradit pen paper card recommend
Rank 4: johnni denis lose passport...
      Contenuto: johnni vaughan denis van outen saturday night entertain show passport paradis re...
      Categoria: Entertainment
      SNIPPET EVIDENZIATO: johnni vaughan denis van outen saturday <mark>night</mark> entertain show passport paradis return screen bbc
Rank 5: tripl triumph littl britain...
      Contenuto: top tv cult hit littl britain triumph offic 15th annual british comedi award bbc...
      Categoria: Entertainment
      SNIPPET EVIDENZIATO:  best tv comedi actor offic creator ricki gervai special award write also good <mark>night</mark> ant dec clinch

QUERY: 'Tennis shoes' (Tempo: 0.0017s)
----------------------------------------
Nessun risultato trovato

QUERY: 'Negro' (Tempo: 0.0013s)
----------------------------------------
Nessun risultato trovato

QUERY: 'Technology advancement' (Tempo: 0.0082s)
----------------------------------------
Nessun risultato trovato

QUERY: 'Economy trends' (Tempo: 0.0097s)
----------------------------------------
Rank 1: mix signal french economi...
      Contenuto: french economi pick speed end 2004 offici figur show still look set fallen short...
      Categoria: Business
      SNIPPET EVIDENZIATO:  appar shortfal annual econom growth good quarterli figur socal flash estim mark continu <mark>trend</mark>
Rank 2: landmark movi 2004 hail...
      Contenuto: us film profession declar fahrenheit 911 passion christ two signific cultur mile...
      Categoria: Entertainment
      SNIPPET EVIDENZIATO:  terri malloy live forev annal film histori list also acknowledg key influenc <mark>trend</mark> world film
Rank 3: mix christma us retail...
      Contenuto: us retail post mix result decemb luxuri retail fare well mani other forc slash p...
      Categoria: Business
      SNIPPET EVIDENZIATO:  upscal depart store nordstrom said store sale 93 higher period last year <mark>trendi</mark> youth label also sold
Rank 4: gate open biggest gadget fair...
      Contenuto: bill gate open consum electron show ce la vega say gadget work togeth help peopl...
      Categoria: Technology
      SNIPPET EVIDENZIATO:  120000 peopl expect attend trade show stretch 15 million squar feet run 6 9 januari latest <mark>trend</mark> digit
Rank 5: diageo buy us wine firm...
      Contenuto: diageo world biggest spirit compani agre buy californian wine compani chalon 260...
      Categoria: Business
      SNIPPET EVIDENZIATO:  <mark>trend</mark> said diageo north america presid ivan menez juli diageo list london stock exchang report annual

QUERY: 'Political news' (Tempo: 0.0068s)
----------------------------------------
Rank 1: china block googl news site...
      Contenuto: china accus block access googl news media watchdog report without border parisba...
      Categoria: Technology
      SNIPPET EVIDENZIATO: china accus block access googl <mark>news</mark> media watchdog report without border parisbas pressur group
Rank 2: news corp make 54bn fox offer...
      Contenuto: news corpor seek buy minor investor fox entertain group broadcast subsidiari 54b...
      Categoria: Business
      SNIPPET EVIDENZIATO: <mark>news</mark> corpor seek buy minor investor fox entertain group broadcast subsidiari 54bn £37bn media giant
Rank 3: news corp eye video game market...
      Contenuto: news corp media compani control australian billionair rupert murdoch eye move vi...
      Categoria: Business
      SNIPPET EVIDENZIATO: <mark>news</mark> corp media compani control australian billionair rupert murdoch eye move video game market
Rank 4: landmark movi 2004 hail...
      Contenuto: us film profession declar fahrenheit 911 passion christ two signific cultur mile...
      Categoria: Entertainment
      SNIPPET EVIDENZIATO:  tv <mark>news</mark> us refer marlon brando death 1 juli age 80 13strong afi juri conclud art screen act two
Rank 5: blair face trust issu head...
      Contenuto: toni blair say face issu trust integr head elect campaign question answer sessio...
      Categoria: Politics
      SNIPPET EVIDENZIATO:  five <mark>news</mark> mr blair said option confront talk peopl also dismiss claim govern plan get 50 young peopl

QUERY: 'Health tips' (Tempo: 0.0043s)
----------------------------------------
Rank 1: protect whistleblow tuc say...
      Contenuto: govern chang law give protect employe rais health safeti concern workplac tuc sa...
      Categoria: Politics
      SNIPPET EVIDENZIATO: govern chang law give protect employe rais <mark>health</mark> safeti concern workplac tuc said said data employ
Rank 2: glanc tori health check...
      Contenuto: uk opposit conserv unveil plan introduc health check immigr win gener elect here...
      Categoria: Politics
      SNIPPET EVIDENZIATO: uk opposit conserv unveil plan introduc <mark>health</mark> check immigr win gener elect here guid plan peopl
Rank 3: tori plan migrant health check...
      Contenuto: noneuropean union citizen want work uk undergo test tuberculosi hiv plan unveil ...
      Categoria: Politics
      SNIPPET EVIDENZIATO:  would help protect public <mark>health</mark> nh labour said mani test alreadi done lib dem warn parti pander
Rank 4: hospit suspend welsh plan...
      Contenuto: english hospit suspend plan stop treat welsh patient wait three month hereford c...
      Categoria: Politics
      SNIPPET EVIDENZIATO:  push back anoth queue talk powi <mark>health</mark> board hospit call plan <mark>health</mark> chief meet earli januari
Rank 5: wale must learn health lesson...
      Contenuto: new health minist wale say lesson learn england tackl wait list dr brian gibbon ...
      Categoria: Politics
      SNIPPET EVIDENZIATO: new <mark>health</mark> minist wale say lesson learn england tackl wait list dr brian gibbon first full day job

QUERY: 'Global warming' (Tempo: 0.0064s)
----------------------------------------
Rank 1: winemak reject foster offer...
      Contenuto: australian winemak southcorp reject takeov offer worth 31bn australian dollar 23...
      Categoria: Business
      SNIPPET EVIDENZIATO:  compani held four day talk foster bought 188 stake southcorp 13 januari merger would creat <mark>global</mark> player
Rank 2: euro firm miss optim...
      Contenuto: 90 larg compani around world highli optimist econom prospect survey 1300 boss su...
      Categoria: Business
      SNIPPET EVIDENZIATO:  boss gloomi prospect <mark>global</mark> busi leader say face twoprong regulatori assault string corpor scandal
Rank 3: boom market shed tear...
      Contenuto: market former british govern minist michael heseltin said moral inde stock excha...
      Categoria: Business
      SNIPPET EVIDENZIATO:  world share index measur <mark>global</mark> stock market perform hit highest level week sinc earli 2001 bbc <mark>global</mark>
Rank 4: strong quarterli growth nike...
      Contenuto: nike report best secondquart earn help strong demand athlet shoe convers sneaker...
      Categoria: Business
      SNIPPET EVIDENZIATO: nike report best secondquart earn help strong demand athlet shoe convers sneaker <mark>global</mark> sport giant
Rank 5: blair congratul bush win...
      Contenuto: toni blair said look forward continu strong relationship georg bush work second ...
      Categoria: Politics
      SNIPPET EVIDENZIATO:  need poverti middl east condit terrorist prey mr blair said state work us fight <mark>global</mark> terror need

QUERY: 'Sports update' (Tempo: 0.0120s)
----------------------------------------
Rank 1: hacker threat appl itun...
      Contenuto: user appl music jukebox itun need updat softwar avoid potenti secur threat hacke...
      Categoria: Technology
      SNIPPET EVIDENZIATO: user appl music jukebox itun need <mark>updat</mark> softwar avoid potenti secur threat hacker build malici
Rank 2: microsoft make antipiraci move...
      Contenuto: microsoft say clamp peopl run pirat version window oper system restrict access s...
      Categoria: Technology
      SNIPPET EVIDENZIATO:  crucial secur fix via automat <mark>updat</mark> option would limit microsoft releas regular secur <mark>updat</mark> softwar
Rank 3: microsoft make antipiraci move...
      Contenuto: microsoft say clamp peopl run pirat version window oper system restrict access s...
      Categoria: Technology
      SNIPPET EVIDENZIATO:  crucial secur fix via automat <mark>updat</mark> option would limit microsoft releas regular secur <mark>updat</mark> softwar
Rank 4: microsoft releas patch...
      Contenuto: microsoft warn pc user updat system latest secur fix flaw window program monthli...
      Categoria: Technology
      SNIPPET EVIDENZIATO: microsoft warn pc user <mark>updat</mark> system latest secur fix flaw window program monthli secur bulletin
Rank 5: microsoft releas bumper patch...
      Contenuto: microsoft warn pc user updat system latest secur fix flaw window program monthli...
      Categoria: Technology
      SNIPPET EVIDENZIATO: microsoft warn pc user <mark>updat</mark> system latest secur fix flaw window program monthli secur bulletin

QUERY: 'Fashion trends' (Tempo: 0.0039s)
----------------------------------------
Rank 1: lacroix label bought us firm...
      Contenuto: luxuri good group lvmh sold lossmak christian lacroix cloth label us invest grou...
      Categoria: Business
      SNIPPET EVIDENZIATO:  lvmh 2003 sale lacroix label come mani <mark>fashion</mark> hous struggl make money expens haut coutur rang
Rank 2: artist secret postcard sale...
      Contenuto: postcard artist includ damien hirst tracey emin sold hour open royal academi art...
      Categoria: Entertainment
      SNIPPET EVIDENZIATO:  work would known look exhibit open view sinc 19 novemb film director ken loach <mark>fashion</mark> design hussein
Rank 3: versac art portfolio sale...
      Contenuto: art collect murder fashion design gianni versac could fetch £9m 17m auction new ...
      Categoria: Entertainment
      SNIPPET EVIDENZIATO: art collect murder <mark>fashion</mark> design gianni versac could fetch £9m 17m auction new york london later
Rank 4: umbro profit lift euro 2004...
      Contenuto: uk sportswear firm umbro post 222 rise annual profit sale replica england footba...
      Categoria: Business
      SNIPPET EVIDENZIATO:  market seen sale growth 8 last year said launch evolut x <mark>fashion</mark> rang boost sale umbro suppli 150 team
Rank 5: chelsea clinch cup extratim...
      Contenuto: extratim score 90 min 11 john arn riis volley liverpool ahead 45 second steven g...
      Categoria: Sport
      SNIPPET EVIDENZIATO:  <mark>fashion</mark> next clear opportun lui garcia fed dietmar hamann whose shot forc superb save cech blue

QUERY: 'Educational reforms' (Tempo: 0.0088s)
----------------------------------------
Rank 1: kinnock urg reform lord...
      Contenuto: neil kinnock said accept seat hous lord allow help achiev progress substanti dem...
      Categoria: Politics
      SNIPPET EVIDENZIATO: neil kinnock said accept seat hous lord allow help achiev progress substanti democrat <mark>reform</mark> bbc
Rank 2: boothroyd call lord speaker...
      Contenuto: betti boothroyd said hous lord need speaker peer lead way reform upper chamber b...
      Categoria: Politics
      SNIPPET EVIDENZIATO: betti boothroyd said hous lord need speaker peer lead way <mark>reform</mark> upper chamber baro boothroyd first
Rank 3: boothroyd call lord speaker...
      Contenuto: betti boothroyd said hous lord need speaker peer lead way reform upper chamber b...
      Categoria: Politics
      SNIPPET EVIDENZIATO: betti boothroyd said hous lord need speaker peer lead way <mark>reform</mark> upper chamber baro boothroyd first
Rank 4: germani call eu reform...
      Contenuto: german chancellor gerhard schroeder call radic reform eu stabil pact grant count...
      Categoria: Business
      SNIPPET EVIDENZIATO: german chancellor gerhard schroeder call radic <mark>reform</mark> eu stabil pact grant countri flexibl budget
Rank 5: reform ahead say milburn...
      Contenuto: labour continu pursu controversi reform win third term power parti elect chief a...
      Categoria: Politics
      SNIPPET EVIDENZIATO: labour continu pursu controversi <mark>reform</mark> win third term power parti elect chief alan milburn said

TEMPO MEDIO TF-IDF: 0.0064 secondi

================================================================================
RISULTATO FINALE
================================================================================
Modello TFIDF vince con tempo di esecuzione medio pari a 0.006359793923117898s vs 0.023991194638338955s
File log salvato: search_results_20250821_113710.log
================================================================================
