================================================================================
RICERCA PYLUCENE - 2025-08-21 12:13:51
================================================================================
File CSV: ../docs/dataset.csv
Directory indice: /Users/leovita/uni/unidev/GestioneInfo/pylucene/pylucene-10.0.0/full-text-search/indexing
Query testate: 12
================================================================================

==================================================
RISULTATI RICERCA BM25
==================================================

QUERY: 'Gordon Brown Budget election' (Tempo: 0.1010s)
----------------------------------------
Rank 1: profil gordon brown...
      Contenuto: ultim prize 10 down street may continu elud prepar deliv recordbreak ninth budge...
      Categoria: Politics
      SNIPPET: ultim prize 10 down street may continu elud prepar deliv recordbreak ninth <mark>budget</mark> <mark>gordon</mark> <mark>brown</mark>
Rank 2: brown alli reject budget spree...
      Contenuto: chancellor gordon brown closest alli deni suggest budget giveaway 16 march ed ba...
      Categoria: Politics
      SNIPPET: chancellor <mark>gordon</mark> <mark>brown</mark> closest alli deni suggest <mark>budget</mark> giveaway 16 march ed ball exchief econom
Rank 3: brown alli reject budget spree...
      Contenuto: chancellor gordon brown closest alli deni suggest budget giveaway 16 march ed ba...
      Categoria: Politics
      SNIPPET: chancellor <mark>gordon</mark> <mark>brown</mark> closest alli deni suggest <mark>budget</mark> giveaway 16 march ed ball exchief econom
Rank 4: brown name 16 march budget...
      Contenuto: chancellor gordon brown deliv budget hous common 16 march treasuri announc budge...
      Categoria: Politics
      SNIPPET: chancellor <mark>gordon</mark> <mark>brown</mark> deliv <mark>budget</mark> hous common 16 march treasuri announc <mark>budget</mark> like last gener
Rank 5: brown name 16 march budget...
      Contenuto: chancellor gordon brown deliv budget hous common 16 march treasuri announc budge...
      Categoria: Politics
      SNIPPET: chancellor <mark>gordon</mark> <mark>brown</mark> deliv <mark>budget</mark> hous common 16 march treasuri announc <mark>budget</mark> like last gener

QUERY: 'Liverpool football Hillsborough' (Tempo: 0.0184s)
----------------------------------------
Rank 1: fa charg liverpool millwal...
      Contenuto: liverpool millwal charg footbal associ crowd troubl carl cup match 26 octob mill...
      Categoria: Sport
      SNIPPET: <mark>liverpool</mark> millwal charg footbal associ crowd troubl carl cup match 26 octob millwal lost match 30
Rank 2: liverpool pledg keep gerrard...
      Contenuto: liverpool chief execut rick parri insist club never sell steven gerrard amid rep...
      Categoria: Sport
      SNIPPET: <mark>liverpool</mark> chief execut rick parri insist club never sell steven gerrard amid report chelsea renew
Rank 3: liverpool revel night glori...
      Contenuto: liverpool manag rafael benitez said qualif next stage champion leagu one proudes...
      Categoria: Sport
      SNIPPET: <mark>liverpool</mark> manag rafael benitez said qualif next stage champion leagu one proudest night career red
Rank 4: bori oppos mayor apolog...
      Contenuto: ken livingston stick gun apologis nazi comment jewish report tori mp bori johnso...
      Categoria: Politics
      SNIPPET:  blame drunken <mark>liverpool</mark> footbal fan 1989 <mark>hillsborough</mark> disast 96 die mr johnson told today perfectli
Rank 5: parri relish anfield challeng...
      Contenuto: bbc sport reflect futur liverpool exclus interview chief execut rick parri chief...
      Categoria: Sport
      SNIPPET: bbc sport reflect futur <mark>liverpool</mark> exclus interview chief execut rick parri chief execut parri man

QUERY: 'Microsoft Google internet' (Tempo: 0.0216s)
----------------------------------------
Rank 1: goahead new internet name...
      Contenuto: internet could soon two new domain name aim mobil servic job market internet cor...
      Categoria: Technology
      SNIPPET: <mark>internet</mark> could soon two new domain name aim mobil servic job market <mark>internet</mark> corpor assign name
Rank 2: microsoft releas patch...
      Contenuto: microsoft warn pc user updat system latest secur fix flaw window program monthli...
      Categoria: Technology
      SNIPPET: <mark>microsoft</mark> warn pc user updat system latest secur fix flaw window program monthli secur bulletin
Rank 3: firefox browser take microsoft...
      Contenuto: microsoft internet explor seriou rival longawait firefox 10 web browser releas p...
      Categoria: Technology
      SNIPPET: <mark>microsoft</mark> <mark>internet</mark> explor seriou rival longawait firefox 10 web browser releas peopl get excit new
Rank 4: microsoft take desktop search...
      Contenuto: microsoft enter desktop search fray releas test version tool find document email...
      Categoria: Technology
      SNIPPET:  mehdi corpor vice presid <mark>microsoft</mark> msn <mark>internet</mark> divis <mark>microsoft</mark> program use toolbar window desktop
Rank 5: microsoft seek spywar trojan...
      Contenuto: microsoft investig trojan program attempt switch firm antispywar softwar spywar ...
      Categoria: Technology
      SNIPPET: <mark>microsoft</mark> investig trojan program attempt switch firm antispywar softwar spywar tool releas

QUERY: 'Army Scotland regiments decision' (Tempo: 0.0176s)
----------------------------------------
Rank 1: scotland 1810 itali...
      Contenuto: six chri paterson penalti gave scotland victori dour clinic encount itali murray...
      Categoria: Sport
      SNIPPET: six chri paterson penalti gave <mark>scotland</mark> victori dour clinic encount itali murrayfield coach matt
Rank 2: odriscol scotland game...
      Contenuto: ireland captain brian odriscol rule saturday rb six nation clash scotland odrisc...
      Categoria: Sport
      SNIPPET: ireland captain brian odriscol rule saturday rb six nation clash <mark>scotland</mark> odriscol origin name
Rank 3: souness back smith scotland...
      Contenuto: graem souness believ walter smith would perfect choic succeed berti vogt scotlan...
      Categoria: Sport
      SNIPPET: graem souness believ walter smith would perfect choic succeed berti vogt <mark>scotland</mark> manag sounesss
Rank 4: taylor pois scotland return...
      Contenuto: simon taylor name scotland squad saturday six nation clash itali 25yearold numbe...
      Categoria: Sport
      SNIPPET: simon taylor name <mark>scotland</mark> squad saturday six nation clash itali 25yearold number eight made score
Rank 5: ref stand scotland decis...
      Contenuto: refere saturday franc v scotland six nation match defend offici handl game criti...
      Categoria: Sport
      SNIPPET: refere saturday franc v <mark>scotland</mark> six nation match defend offici handl game critic matt william

QUERY: 'Smoking ban Scotland public' (Tempo: 0.1385s)
----------------------------------------
Rank 1: public show reynold portrait...
      Contenuto: sir joshua reynold portrait omai get public air follow fear would stay hidden ex...
      Categoria: Entertainment
      SNIPPET: sir joshua reynold portrait omai get <mark>public</mark> air follow fear would stay hidden export wrangl tate
Rank 2: scot smoke ban detail set...
      Contenuto: smokefre area save live improv scotland health first minist jack mcconnel insist...
      Categoria: Politics
      SNIPPET:  parliament christma main point plan comprehens <mark>ban</mark> smoke enclos <mark>public</mark> place <mark>scotland</mark> legisl enforc
Rank 3: murray return scotland fold...
      Contenuto: euan murray name scotland train squad eightweek ban ahead saturday six nation ma...
      Categoria: Sport
      SNIPPET: euan murray name <mark>scotland</mark> train squad eightweek <mark>ban</mark> ahead saturday six nation match ireland glasgow
Rank 4: scotland 1810 itali...
      Contenuto: six chri paterson penalti gave scotland victori dour clinic encount itali murray...
      Categoria: Sport
      SNIPPET: six chri paterson penalti gave <mark>scotland</mark> victori dour clinic encount itali murrayfield coach matt
Rank 5: odriscol scotland game...
      Contenuto: ireland captain brian odriscol rule saturday rb six nation clash scotland odrisc...
      Categoria: Sport
      SNIPPET: ireland captain brian odriscol rule saturday rb six nation clash <mark>scotland</mark> odriscol origin name

QUERY: 'Wayne Rooney football transfer' (Tempo: 0.0247s)
----------------------------------------
Rank 1: stam spice man utd encount...
      Contenuto: ac milan defend jaap stam say manchest unit know made mistak sell 2001 side meet...
      Categoria: Sport
      SNIPPET:  claim autobiographi ferguson tap psv eindhoven ferguson insist sold defend <mark>transfer</mark> fee good refus
Rank 2: man utd exet test...
      Contenuto: manchest unit avoid fa cup upset edg past exet citi third round replay cristiano...
      Categoria: Sport
      SNIPPET:  slip ball paul jone leg nine minut unit wast host chanc make safe jone made great save wayn <mark>rooney</mark>
Rank 3: man utd stroll cup win...
      Contenuto: wayn rooney made win return everton manchest unit cruis fa cup quarterfin rooney...
      Categoria: Sport
      SNIPPET: wayn <mark>rooney</mark> made win return everton manchest unit cruis fa cup quarterfin <mark>rooney</mark> receiv hostil
Rank 4: man citi 02 man utd...
      Contenuto: manchest unit reduc chelsea premiership lead nine point scrappi victori manchest...
      Categoria: Sport
      SNIPPET: manchest unit reduc chelsea premiership lead nine point scrappi victori manchest citi wayn <mark>rooney</mark>
Rank 5: reaction spanish press...
      Contenuto: england 10 defeat spain wednesday domin back front page countri press thursday c...
      Categoria: Sport
      SNIPPET:  suppli racist abus england black player wayn <mark>rooney</mark> petul england inept perform spanish press make

QUERY: 'Tony Blair trust voters' (Tempo: 0.0177s)
----------------------------------------
Rank 1: kennedi question trust blair...
      Contenuto: lib dem leader charl kennedi said voter fundament lack trust toni blair prime mi...
      Categoria: Politics
      SNIPPET: lib dem leader charl kennedi said voter fundament lack <mark>trust</mark> toni <mark>blair</mark> prime minist said back
Rank 2: kennedi question trust blair...
      Contenuto: lib dem leader charl kennedi said voter fundament lack trust toni blair prime mi...
      Categoria: Politics
      SNIPPET: lib dem leader charl kennedi said voter fundament lack <mark>trust</mark> toni <mark>blair</mark> prime minist said back
Rank 3: blair face trust issu head...
      Contenuto: toni blair say face issu trust integr head elect campaign question answer sessio...
      Categoria: Politics
      SNIPPET: toni <mark>blair</mark> say face issu <mark>trust</mark> integr head elect campaign question answer session firsttim voter
Rank 4: voter dont trust politician...
      Contenuto: eight 10 voter trust politician tell truth new poll conduct bbc suggest 87 1000 ...
      Categoria: Politics
      SNIPPET:  choic next elect tori lib dem keen emphasis perceiv lack <mark>trust</mark> toni <mark>blair</mark> follow claim iraqi weapon
Rank 5: price trust pc secur...
      Contenuto: buy trust comput realli trust pc vendor ask technolog analyst bill thompson rece...
      Categoria: Technology
      SNIPPET: buy <mark>trust</mark> comput realli <mark>trust</mark> pc vendor ask technolog analyst bill thompson recent bought ibm

QUERY: 'Stamp duty property prices' (Tempo: 0.0158s)
----------------------------------------
Rank 1: lib dem target stamp duti...
      Contenuto: liber democrat promis rais stamp duti threshold win gener elect bid court firstt...
      Categoria: Politics
      SNIPPET: liber democrat promis rais <mark>stamp</mark> duti threshold win gener elect bid court firsttim hous buyer vinc
Rank 2: budget set scene elect...
      Contenuto: gordon brown seek put economi centr labour bid third term power deliv ninth budg...
      Categoria: Politics
      SNIPPET:  rais <mark>stamp</mark> duti threshold £60000 conserv lib dem insist voter face higher tax meanstest labour
Rank 3: fri set role hitchhik...
      Contenuto: actor stephen fri join cast forthcom film adapt hitchhik guid galaxi fri provid ...
      Categoria: Entertainment
      SNIPPET:  selfconfess fan book film execut produc robbi <mark>stamp</mark> said adam die 2001 would delight choic fri role
Rank 4: prepol clash tax spend...
      Contenuto: labour tori clash tax spend plan row gordon brown budget turn full scale preelec...
      Categoria: Politics
      SNIPPET:  homebuy pay <mark>stamp</mark> duti unveil rise child tax credit £200 council tax refund over65 defend plan told today
Rank 5: berlin honour korean director...
      Contenuto: south korean film director im kwontaek receiv honorari golden bear berlin film f...
      Categoria: Entertainment
      SNIPPET:  chihwaseon although film vari style bear unmistak <mark>stamp</mark> forc charg cinematograph well retic stylis

QUERY: 'Hollywood Oscar ceremony' (Tempo: 0.0184s)
----------------------------------------
Rank 1: hollywood readi oscar night...
      Contenuto: hollywood prepar biggest night film world calendar 77th academi award sunday hos...
      Categoria: Entertainment
      SNIPPET: <mark>hollywood</mark> prepar biggest night film world calendar 77th academi award sunday host star expect grace
Rank 2: babi becom new oscar favourit...
      Contenuto: clint eastwood box drama million dollar babi becom new favourit win best pictur ...
      Categoria: Entertainment
      SNIPPET:  favourit take home first ever <mark>oscar</mark> million dollar babi <mark>oscar</mark> take place <mark>hollywood</mark> kodak theatr 27
Rank 3: oscar steer clear controversi...
      Contenuto: oscar nomin list left controversi film past year favour safer less contenti cine...
      Categoria: Entertainment
      SNIPPET: <mark>oscar</mark> nomin list left controversi film past year favour safer less contenti cinema best film nomine
Rank 4: bookmak back aviat oscar...
      Contenuto: aviat tip uk bookmak favourit win best film award year oscar ray star jami foxx ...
      Categoria: Entertainment
      SNIPPET: aviat tip uk bookmak favourit win best film award year <mark>oscar</mark> ray star jami foxx clear favourit best
Rank 5: aviat creator oscar snub...
      Contenuto: man said got oscarnomin movi aviat ground sign leonardo dicaprio shut academi aw...
      Categoria: Entertainment
      SNIPPET:  jr battl role peopl eventu made film produc credit list produc win best film <mark>oscar</mark> due limit number

QUERY: 'EU European Union rules' (Tempo: 0.0120s)
----------------------------------------
Rank 1: labour eu propaganda...
      Contenuto: taxpay subsidis propaganda exercis eu use lull british public fals sens secur sa...
      Categoria: Politics
      SNIPPET:  establish constitut <mark>european</mark> <mark>union</mark> elector commiss thursday said satisfi question easi understand
Rank 2: eu referendum question unveil...
      Contenuto: question ask referendum eu constitut unveil govern unit kingdom approv treati es...
      Categoria: Politics
      SNIPPET:  believ vote would mean leav <mark>european</mark> <mark>union</mark> ask us want leav <mark>eu</mark> better much sooner liber democrat leader
Rank 3: eu softwar patent law delay...
      Contenuto: controversi new eu rule patent computerbas invent put hold due last minut interv...
      Categoria: Technology
      SNIPPET:  direct would inflict ad <mark>european</mark> parliament alreadi clash <mark>european</mark> <mark>union</mark> issu accus process decid
Rank 4: labour accus eu propaganda...
      Contenuto: taxpay subsidis propaganda exercis eu use lull british public fals sens secur sa...
      Categoria: Politics
      SNIPPET:  establish constitut <mark>european</mark> <mark>union</mark> elector commiss thursday said satisfi question easi understand
Rank 5: eu aim fuel develop aid...
      Contenuto: european union financ minist meet thursday discuss propos includ tax jet fuel bo...
      Categoria: Business
      SNIPPET: <mark>european</mark> <mark>union</mark> financ minist meet thursday discuss propos includ tax jet fuel boost develop aid

QUERY: 'Climate change environment' (Tempo: 0.0129s)
----------------------------------------
Rank 1: hous plan criticis mp...
      Contenuto: irrevers environment damag caus govern plan build one million home southeast eng...
      Categoria: Politics
      SNIPPET: irrevers <mark>environment</mark> damag caus govern plan build one million home southeast england mp warn
Rank 2: chines dam firm defi beij...
      Contenuto: china three gorg project corp refus obey govern order stop construct one giant d...
      Categoria: Business
      SNIPPET:  largescal construct project call halt lack proper <mark>environment</mark> check beij news said compani may instead
Rank 3: china suspend 26 power project...
      Contenuto: china order halt construct work 26 big power station includ two three gorg dam e...
      Categoria: Business
      SNIPPET: china order halt construct work 26 big power station includ two three gorg dam <mark>environment</mark> ground
Rank 4: nuclear dumpsit plan attack...
      Contenuto: plan allow foreign nuclear wast perman store uk brand deepli irrespons liber dem...
      Categoria: Politics
      SNIPPET:  rais £680m britain nuclear cleanup programm new nuclear decommiss agenc move criticis <mark>environment</mark>
Rank 5: green report shun suppli chain...
      Contenuto: nearli 20 uk top 250 firm produc nonfinanci report social environ issu last year...
      Categoria: Business
      SNIPPET:  major way compani reduc <mark>environment</mark> impact survey publish corpor social respons firm context brand firm

QUERY: 'University students tuition' (Tempo: 0.0107s)
----------------------------------------
Rank 1: conserv mp defect labour...
      Contenuto: conserv mp former minist defect labour robert jackson 58 mp wantag oxfordshir sa...
      Categoria: Politics
      SNIPPET:  welcom labour mp mr jackson clash leader <mark>tuition</mark> fee europ past serv higher educ minist 1987 1990 letter
Rank 2: student inequ expos...
      Contenuto: teenag welloff background six time like go univers depriv area report say higher...
      Categoria: Politics
      SNIPPET:  sir howard newbi increasingli women men went univers <mark>tuition</mark> fee student loan made major differ hefc
Rank 3: top tori lib dem hit list...
      Contenuto: liber democrat aim unseat string top tori includ leader michael howard next gene...
      Categoria: Politics
      SNIPPET:  temptat use vote effect remov conserv deni strategi opportun insist lib dem polici issu <mark>tuition</mark> fee
Rank 4: howard blair tax pledg clash...
      Contenuto: toni blair said voter wait labour manifesto see parti plan increas tax premier r...
      Categoria: Politics
      SNIPPET:  opposit particularli iraq war council tax univers <mark>tuition</mark> fee labour hit back tori propos even public
Rank 5: kennedi question trust blair...
      Contenuto: lib dem leader charl kennedi said voter fundament lack trust toni blair prime mi...
      Categoria: Politics
      SNIPPET:  appli 1 popul said extra revenu would allow parti get rid <mark>tuition</mark> topup fee introduc free person care

TEMPO MEDIO BM25: 0.0341 secondi

==================================================
RISULTATI RICERCA TFIDF
==================================================

QUERY: 'Gordon Brown Budget election' (Tempo: 0.0078s)
----------------------------------------
Rank 1: profil gordon brown...
      Contenuto: ultim prize 10 down street may continu elud prepar deliv recordbreak ninth budge...
      Categoria: Politics
      SNIPPET: ultim prize 10 down street may continu elud prepar deliv recordbreak ninth <mark>budget</mark> <mark>gordon</mark> <mark>brown</mark>
Rank 2: brown name 16 march budget...
      Contenuto: chancellor gordon brown deliv budget hous common 16 march treasuri announc budge...
      Categoria: Politics
      SNIPPET: chancellor <mark>gordon</mark> <mark>brown</mark> deliv <mark>budget</mark> hous common 16 march treasuri announc <mark>budget</mark> like last gener
Rank 3: brown name 16 march budget...
      Contenuto: chancellor gordon brown deliv budget hous common 16 march treasuri announc budge...
      Categoria: Politics
      SNIPPET: chancellor <mark>gordon</mark> <mark>brown</mark> deliv <mark>budget</mark> hous common 16 march treasuri announc <mark>budget</mark> like last gener
Rank 4: brown alli reject budget spree...
      Contenuto: chancellor gordon brown closest alli deni suggest budget giveaway 16 march ed ba...
      Categoria: Politics
      SNIPPET: chancellor <mark>gordon</mark> <mark>brown</mark> closest alli deni suggest <mark>budget</mark> giveaway 16 march ed ball exchief econom
Rank 5: brown alli reject budget spree...
      Contenuto: chancellor gordon brown closest alli deni suggest budget giveaway 16 march ed ba...
      Categoria: Politics
      SNIPPET: chancellor <mark>gordon</mark> <mark>brown</mark> closest alli deni suggest <mark>budget</mark> giveaway 16 march ed ball exchief econom

QUERY: 'Liverpool football Hillsborough' (Tempo: 0.0063s)
----------------------------------------
Rank 1: fa charg liverpool millwal...
      Contenuto: liverpool millwal charg footbal associ crowd troubl carl cup match 26 octob mill...
      Categoria: Sport
      SNIPPET: <mark>liverpool</mark> millwal charg footbal associ crowd troubl carl cup match 26 octob millwal lost match 30
Rank 2: liverpool pledg keep gerrard...
      Contenuto: liverpool chief execut rick parri insist club never sell steven gerrard amid rep...
      Categoria: Sport
      SNIPPET: <mark>liverpool</mark> chief execut rick parri insist club never sell steven gerrard amid report chelsea renew
Rank 3: liverpool revel night glori...
      Contenuto: liverpool manag rafael benitez said qualif next stage champion leagu one proudes...
      Categoria: Sport
      SNIPPET: <mark>liverpool</mark> manag rafael benitez said qualif next stage champion leagu one proudest night career red
Rank 4: thompson say gerrard stay...
      Contenuto: liverpool legend phil thompson plead steve gerrard reject overtur chelsea exr as...
      Categoria: Sport
      SNIPPET: <mark>liverpool</mark> legend phil thompson plead steve gerrard reject overtur chelsea exr assist boss also warn
Rank 5: newcastl join morient race...
      Contenuto: newcastl join race sign real madrid striker fernando morient scupper liverpool b...
      Categoria: Sport
      SNIPPET: newcastl join race sign real madrid striker fernando morient scupper <mark>liverpool</mark> bid snap player

QUERY: 'Microsoft Google internet' (Tempo: 0.0060s)
----------------------------------------
Rank 1: microsoft releas patch...
      Contenuto: microsoft warn pc user updat system latest secur fix flaw window program monthli...
      Categoria: Technology
      SNIPPET: <mark>microsoft</mark> warn pc user updat system latest secur fix flaw window program monthli secur bulletin
Rank 2: goahead new internet name...
      Contenuto: internet could soon two new domain name aim mobil servic job market internet cor...
      Categoria: Technology
      SNIPPET: <mark>internet</mark> could soon two new domain name aim mobil servic job market <mark>internet</mark> corpor assign name
Rank 3: microsoft launch search...
      Contenuto: microsoft unveil finish version homegrown search engin formal launch msn search ...
      Categoria: Technology
      SNIPPET: <mark>microsoft</mark> unveil finish version homegrown search engin formal launch msn search site take train
Rank 4: progress new internet domain...
      Contenuto: earli 2005 net could two new domain name post travel net domain given preliminar...
      Categoria: Technology
      SNIPPET:  administr bodi name two total 10 propos domain consid <mark>internet</mark> corpor assign name number icann propos name
Rank 5: progress new internet domain...
      Contenuto: earli 2005 net could two new domain name post travel net domain given preliminar...
      Categoria: Technology
      SNIPPET:  administr bodi name two total 10 propos domain consid <mark>internet</mark> corpor assign name number icann propos name

QUERY: 'Army Scotland regiments decision' (Tempo: 0.0075s)
----------------------------------------
Rank 1: scotland 1810 itali...
      Contenuto: six chri paterson penalti gave scotland victori dour clinic encount itali murray...
      Categoria: Sport
      SNIPPET: six chri paterson penalti gave <mark>scotland</mark> victori dour clinic encount itali murrayfield coach matt
Rank 2: odriscol scotland game...
      Contenuto: ireland captain brian odriscol rule saturday rb six nation clash scotland odrisc...
      Categoria: Sport
      SNIPPET: ireland captain brian odriscol rule saturday rb six nation clash <mark>scotland</mark> odriscol origin name
Rank 3: ref stand scotland decis...
      Contenuto: refere saturday franc v scotland six nation match defend offici handl game criti...
      Categoria: Sport
      SNIPPET: refere saturday franc v <mark>scotland</mark> six nation match defend offici handl game critic matt william
Rank 4: souness back smith scotland...
      Contenuto: graem souness believ walter smith would perfect choic succeed berti vogt scotlan...
      Categoria: Sport
      SNIPPET: graem souness believ walter smith would perfect choic succeed berti vogt <mark>scotland</mark> manag sounesss
Rank 5: taylor pois scotland return...
      Contenuto: simon taylor name scotland squad saturday six nation clash itali 25yearold numbe...
      Categoria: Sport
      SNIPPET: simon taylor name <mark>scotland</mark> squad saturday six nation clash itali 25yearold number eight made score

QUERY: 'Smoking ban Scotland public' (Tempo: 0.0053s)
----------------------------------------
Rank 1: public show reynold portrait...
      Contenuto: sir joshua reynold portrait omai get public air follow fear would stay hidden ex...
      Categoria: Entertainment
      SNIPPET: sir joshua reynold portrait omai get <mark>public</mark> air follow fear would stay hidden export wrangl tate
Rank 2: scotland 1810 itali...
      Contenuto: six chri paterson penalti gave scotland victori dour clinic encount itali murray...
      Categoria: Sport
      SNIPPET: six chri paterson penalti gave <mark>scotland</mark> victori dour clinic encount itali murrayfield coach matt
Rank 3: odriscol scotland game...
      Contenuto: ireland captain brian odriscol rule saturday rb six nation clash scotland odrisc...
      Categoria: Sport
      SNIPPET: ireland captain brian odriscol rule saturday rb six nation clash <mark>scotland</mark> odriscol origin name
Rank 4: murray return scotland fold...
      Contenuto: euan murray name scotland train squad eightweek ban ahead saturday six nation ma...
      Categoria: Sport
      SNIPPET: euan murray name <mark>scotland</mark> train squad eightweek <mark>ban</mark> ahead saturday six nation match ireland glasgow
Rank 5: ref stand scotland decis...
      Contenuto: refere saturday franc v scotland six nation match defend offici handl game criti...
      Categoria: Sport
      SNIPPET: refere saturday franc v <mark>scotland</mark> six nation match defend offici handl game critic matt william

QUERY: 'Wayne Rooney football transfer' (Tempo: 0.0080s)
----------------------------------------
Rank 1: stam spice man utd encount...
      Contenuto: ac milan defend jaap stam say manchest unit know made mistak sell 2001 side meet...
      Categoria: Sport
      SNIPPET:  claim autobiographi ferguson tap psv eindhoven ferguson insist sold defend <mark>transfer</mark> fee good refus
Rank 2: man utd exet test...
      Contenuto: manchest unit avoid fa cup upset edg past exet citi third round replay cristiano...
      Categoria: Sport
      SNIPPET:  slip ball paul jone leg nine minut unit wast host chanc make safe jone made great save wayn <mark>rooney</mark>
Rank 3: man utd stroll cup win...
      Contenuto: wayn rooney made win return everton manchest unit cruis fa cup quarterfin rooney...
      Categoria: Sport
      SNIPPET: wayn <mark>rooney</mark> made win return everton manchest unit cruis fa cup quarterfin <mark>rooney</mark> receiv hostil
Rank 4: man citi 02 man utd...
      Contenuto: manchest unit reduc chelsea premiership lead nine point scrappi victori manchest...
      Categoria: Sport
      SNIPPET: manchest unit reduc chelsea premiership lead nine point scrappi victori manchest citi wayn <mark>rooney</mark>
Rank 5: reaction spanish press...
      Contenuto: england 10 defeat spain wednesday domin back front page countri press thursday c...
      Categoria: Sport
      SNIPPET:  suppli racist abus england black player wayn <mark>rooney</mark> petul england inept perform spanish press make

QUERY: 'Tony Blair trust voters' (Tempo: 0.0082s)
----------------------------------------
Rank 1: kennedi question trust blair...
      Contenuto: lib dem leader charl kennedi said voter fundament lack trust toni blair prime mi...
      Categoria: Politics
      SNIPPET: lib dem leader charl kennedi said voter fundament lack <mark>trust</mark> toni <mark>blair</mark> prime minist said back
Rank 2: kennedi question trust blair...
      Contenuto: lib dem leader charl kennedi said voter fundament lack trust toni blair prime mi...
      Categoria: Politics
      SNIPPET: lib dem leader charl kennedi said voter fundament lack <mark>trust</mark> toni <mark>blair</mark> prime minist said back
Rank 3: blair face trust issu head...
      Contenuto: toni blair say face issu trust integr head elect campaign question answer sessio...
      Categoria: Politics
      SNIPPET: toni <mark>blair</mark> say face issu <mark>trust</mark> integr head elect campaign question answer session firsttim voter
Rank 4: question trust technolog...
      Contenuto: major govern depart without email week technolog analyst bill thompson want know...
      Categoria: Technology
      SNIPPET:  went wrong done differ anyth less betray public <mark>trust</mark> bill thompson regular comment bbc world servic
Rank 5: voter dont trust politician...
      Contenuto: eight 10 voter trust politician tell truth new poll conduct bbc suggest 87 1000 ...
      Categoria: Politics
      SNIPPET:  choic next elect tori lib dem keen emphasis perceiv lack <mark>trust</mark> toni <mark>blair</mark> follow claim iraqi weapon

QUERY: 'Stamp duty property prices' (Tempo: 0.0127s)
----------------------------------------
Rank 1: lib dem target stamp duti...
      Contenuto: liber democrat promis rais stamp duti threshold win gener elect bid court firstt...
      Categoria: Politics
      SNIPPET: liber democrat promis rais <mark>stamp</mark> duti threshold win gener elect bid court firsttim hous buyer vinc
Rank 2: budget set scene elect...
      Contenuto: gordon brown seek put economi centr labour bid third term power deliv ninth budg...
      Categoria: Politics
      SNIPPET:  rais <mark>stamp</mark> duti threshold £60000 conserv lib dem insist voter face higher tax meanstest labour
Rank 3: fri set role hitchhik...
      Contenuto: actor stephen fri join cast forthcom film adapt hitchhik guid galaxi fri provid ...
      Categoria: Entertainment
      SNIPPET:  selfconfess fan book film execut produc robbi <mark>stamp</mark> said adam die 2001 would delight choic fri role
Rank 4: berlin honour korean director...
      Contenuto: south korean film director im kwontaek receiv honorari golden bear berlin film f...
      Categoria: Entertainment
      SNIPPET:  chihwaseon although film vari style bear unmistak <mark>stamp</mark> forc charg cinematograph well retic stylis
Rank 5: prepol clash tax spend...
      Contenuto: labour tori clash tax spend plan row gordon brown budget turn full scale preelec...
      Categoria: Politics
      SNIPPET:  homebuy pay <mark>stamp</mark> duti unveil rise child tax credit £200 council tax refund over65 defend plan told today

QUERY: 'Hollywood Oscar ceremony' (Tempo: 0.0097s)
----------------------------------------
Rank 1: hollywood readi oscar night...
      Contenuto: hollywood prepar biggest night film world calendar 77th academi award sunday hos...
      Categoria: Entertainment
      SNIPPET: <mark>hollywood</mark> prepar biggest night film world calendar 77th academi award sunday host star expect grace
Rank 2: hollywood hunt hit sundanc...
      Contenuto: sundanc film festiv movi industri top destin uncov next independ hit new talent ...
      Categoria: Entertainment
      SNIPPET:  see screen execut decamp <mark>hollywood</mark> park citi utah 11 day search lowkey movi could make big 2005
Rank 3: hollywood campaign hit websit...
      Contenuto: movi studio effort stop pirat film share peertop network claim highprofil victim...
      Categoria: Technology
      SNIPPET: movi studio effort stop pirat film share peertop network claim highprofil victim campaign legal action thought behind closur wide use suprnovaorg websit site popular place peopl swap share link bittor...
Rank 4: music man oscar...
      Contenuto: bill conti job music director oscar show faintheart sinc conduct orchestra ultim...
      Categoria: Entertainment
      SNIPPET: bill conti job music director <mark>oscar</mark> show faintheart sinc conduct orchestra ultim platespin assign
Rank 5: godzilla get hollywood fame star...
      Contenuto: movi monster godzilla receiv star hollywood walk fame honour 50th birthday launc...
      Categoria: Entertainment
      SNIPPET: movi monster godzilla receiv star <mark>hollywood</mark> walk fame honour 50th birthday launch 28th film actor

QUERY: 'EU European Union rules' (Tempo: 0.0073s)
----------------------------------------
Rank 1: super union merger plan tout...
      Contenuto: two britain big trade union could merg form super union two million member move ...
      Categoria: Politics
      SNIPPET: two britain big trade <mark>union</mark> could merg form super <mark>union</mark> two million member move amicu transport
Rank 2: super union merger plan tout...
      Contenuto: two britain big trade union could merg form super union two million member move ...
      Categoria: Politics
      SNIPPET: two britain big trade <mark>union</mark> could merg form super <mark>union</mark> two million member move amicu transport
Rank 3: labour eu propaganda...
      Contenuto: taxpay subsidis propaganda exercis eu use lull british public fals sens secur sa...
      Categoria: Politics
      SNIPPET:  establish constitut <mark>european</mark> <mark>union</mark> elector commiss thursday said satisfi question easi understand
Rank 4: berlin hail european cinema...
      Contenuto: organis say year berlin film festiv open thursday period epic man man celebr rev...
      Categoria: Entertainment
      SNIPPET: organis say year berlin film festiv open thursday period epic man man celebr revitalis <mark>european</mark>
Rank 5: berlin celebr european cinema...
      Contenuto: organis say year berlin film festiv open thursday period epic man man celebr rev...
      Categoria: Entertainment
      SNIPPET: organis say year berlin film festiv open thursday period epic man man celebr revitalis <mark>european</mark>

QUERY: 'Climate change environment' (Tempo: 0.0076s)
----------------------------------------
Rank 1: chines dam firm defi beij...
      Contenuto: china three gorg project corp refus obey govern order stop construct one giant d...
      Categoria: Business
      SNIPPET:  largescal construct project call halt lack proper <mark>environment</mark> check beij news said compani may instead
Rank 2: hous plan criticis mp...
      Contenuto: irrevers environment damag caus govern plan build one million home southeast eng...
      Categoria: Politics
      SNIPPET: irrevers <mark>environment</mark> damag caus govern plan build one million home southeast england mp warn
Rank 3: china suspend 26 power project...
      Contenuto: china order halt construct work 26 big power station includ two three gorg dam e...
      Categoria: Business
      SNIPPET: china order halt construct work 26 big power station includ two three gorg dam <mark>environment</mark> ground
Rank 4: nuclear dumpsit plan attack...
      Contenuto: plan allow foreign nuclear wast perman store uk brand deepli irrespons liber dem...
      Categoria: Politics
      SNIPPET:  rais £680m britain nuclear cleanup programm new nuclear decommiss agenc move criticis <mark>environment</mark>
Rank 5: green report shun suppli chain...
      Contenuto: nearli 20 uk top 250 firm produc nonfinanci report social environ issu last year...
      Categoria: Business
      SNIPPET:  major way compani reduc <mark>environment</mark> impact survey publish corpor social respons firm context brand firm

QUERY: 'University students tuition' (Tempo: 0.0059s)
----------------------------------------
Rank 1: conserv mp defect labour...
      Contenuto: conserv mp former minist defect labour robert jackson 58 mp wantag oxfordshir sa...
      Categoria: Politics
      SNIPPET:  welcom labour mp mr jackson clash leader <mark>tuition</mark> fee europ past serv higher educ minist 1987 1990 letter
Rank 2: student inequ expos...
      Contenuto: teenag welloff background six time like go univers depriv area report say higher...
      Categoria: Politics
      SNIPPET:  sir howard newbi increasingli women men went univers <mark>tuition</mark> fee student loan made major differ hefc
Rank 3: top tori lib dem hit list...
      Contenuto: liber democrat aim unseat string top tori includ leader michael howard next gene...
      Categoria: Politics
      SNIPPET:  temptat use vote effect remov conserv deni strategi opportun insist lib dem polici issu <mark>tuition</mark> fee
Rank 4: howard blair tax pledg clash...
      Contenuto: toni blair said voter wait labour manifesto see parti plan increas tax premier r...
      Categoria: Politics
      SNIPPET:  opposit particularli iraq war council tax univers <mark>tuition</mark> fee labour hit back tori propos even public
Rank 5: kennedi question trust blair...
      Contenuto: lib dem leader charl kennedi said voter fundament lack trust toni blair prime mi...
      Categoria: Politics
      SNIPPET:  appli 1 popul said extra revenu would allow parti get rid <mark>tuition</mark> topup fee introduc free person care

TEMPO MEDIO TFIDF: 0.0077 secondi

================================================================================
TEST FUNZIONALITÀ AVANZATE
================================================================================

--- SPELL CHECKING ---
Corretto: 'Liverpol footbal' → 'Liverpol football'
Corretto: 'Scootland armie' → 'Scootland army'
Corretto: 'Toni Blare polotics' → 'Toni Blare politics'

--- FILTRO PER CATEGORIA ---
Categoria 'Technology': 3 risultati per 'Microsoft Google internet'
Categoria 'Politics': 3 risultati per 'Tony Blair Gordon Brown'
Categoria 'Business': 3 risultati per 'property prices market'
Categoria 'Sport': 3 risultati per 'Liverpool football Wayne Rooney'
Categoria 'Entertainment': 3 risultati per 'Hollywood Oscar ceremony'

================================================================================
RISULTATO FINALE
================================================================================
Modello TFIDF vince con tempo di esecuzione medio pari a 0.007694602012634277s vs 0.034116884072621666s
File log salvato: search_results_20250821_121351.log
================================================================================
