================================================================================
RICERCA PYLUCENE - 2025-08-21 11:52:22
================================================================================
File CSV: ../docs/dataset.csv
Directory indice: /Users/leovita/uni/unidev/GestioneInfo/pylucene/pylucene-10.0.0/full-text-search/indexing
Query testate: 12
================================================================================

==================================================
RISULTATI RICERCA BM25
==================================================

QUERY: 'Gordon Brown Budget election' (Tempo: 0.0666s)
----------------------------------------
Rank 1: brown poll campaign move deni...
      Contenuto: govern deni report gordon brown prepar oust alan milburn labour elect supremo wo...
      Categoria: Politics
      SNIPPET:  strategist believ want bring mr <mark>brown</mark> centrestag seen support rise privat <mark>poll</mark> <mark>budget</mark> last week anoth
Rank 2: profil gordon brown...
      Contenuto: ultim prize 10 down street may continu elud prepar deliv recordbreak ninth budge...
      Categoria: Politics
      SNIPPET: ultim prize 10 down street may continu elud prepar deliv recordbreak ninth <mark>budget</mark> <mark>gordon</mark> <mark>brown</mark>
Rank 3: brown alli reject budget spree...
      Contenuto: chancellor gordon brown closest alli deni suggest budget giveaway 16 march ed ba...
      Categoria: Politics
      SNIPPET: chancellor <mark>gordon</mark> <mark>brown</mark> closest alli deni suggest <mark>budget</mark> giveaway 16 march ed ball exchief econom
Rank 4: brown alli reject budget spree...
      Contenuto: chancellor gordon brown closest alli deni suggest budget giveaway 16 march ed ba...
      Categoria: Politics
      SNIPPET: chancellor <mark>gordon</mark> <mark>brown</mark> closest alli deni suggest <mark>budget</mark> giveaway 16 march ed ball exchief econom
Rank 5: brown name 16 march budget...
      Contenuto: chancellor gordon brown deliv budget hous common 16 march treasuri announc budge...
      Categoria: Politics
      SNIPPET: chancellor <mark>gordon</mark> <mark>brown</mark> deliv <mark>budget</mark> hous common 16 march treasuri announc <mark>budget</mark> like last gener

QUERY: 'Liverpool football Hillsborough' (Tempo: 0.0159s)
----------------------------------------
Rank 1: fa charg liverpool millwal...
      Contenuto: liverpool millwal charg footbal associ crowd troubl carl cup match 26 octob mill...
      Categoria: Sport
      SNIPPET: <mark>liverpool</mark> millwal charg footbal associ crowd troubl carl cup match 26 octob millwal lost match 30
Rank 2: liverpool pledg keep gerrard...
      Contenuto: liverpool chief execut rick parri insist club never sell steven gerrard amid rep...
      Categoria: Sport
      SNIPPET: <mark>liverpool</mark> chief execut rick parri insist club never sell steven gerrard amid report chelsea renew
Rank 3: liverpool revel night glori...
      Contenuto: liverpool manag rafael benitez said qualif next stage champion leagu one proudes...
      Categoria: Sport
      SNIPPET: <mark>liverpool</mark> manag rafael benitez said qualif next stage champion leagu one proudest night career red
Rank 4: bori oppos mayor apolog...
      Contenuto: ken livingston stick gun apologis nazi comment jewish report tori mp bori johnso...
      Categoria: Politics
      SNIPPET:  blame drunken <mark>liverpool</mark> footbal fan 1989 <mark>hillsborough</mark> disast 96 die mr johnson told today perfectli
Rank 5: parri relish anfield challeng...
      Contenuto: bbc sport reflect futur liverpool exclus interview chief execut rick parri chief...
      Categoria: Sport
      SNIPPET: bbc sport reflect futur <mark>liverpool</mark> exclus interview chief execut rick parri chief execut parri man

QUERY: 'Microsoft Google internet' (Tempo: 0.0139s)
----------------------------------------
Rank 1: goahead new internet name...
      Contenuto: internet could soon two new domain name aim mobil servic job market internet cor...
      Categoria: Technology
      SNIPPET: <mark>internet</mark> could soon two new domain name aim mobil servic job market <mark>internet</mark> corpor assign name
Rank 2: microsoft releas patch...
      Contenuto: microsoft warn pc user updat system latest secur fix flaw window program monthli...
      Categoria: Technology
      SNIPPET: <mark>microsoft</mark> warn pc user updat system latest secur fix flaw window program monthli secur bulletin
Rank 3: firefox browser take microsoft...
      Contenuto: microsoft internet explor seriou rival longawait firefox 10 web browser releas p...
      Categoria: Technology
      SNIPPET: <mark>microsoft</mark> <mark>internet</mark> explor seriou rival longawait firefox 10 web browser releas peopl get excit new
Rank 4: microsoft take desktop search...
      Contenuto: microsoft enter desktop search fray releas test version tool find document email...
      Categoria: Technology
      SNIPPET:  mehdi corpor vice presid <mark>microsoft</mark> msn <mark>internet</mark> divis <mark>microsoft</mark> program use toolbar window desktop
Rank 5: microsoft seek spywar trojan...
      Contenuto: microsoft investig trojan program attempt switch firm antispywar softwar spywar ...
      Categoria: Technology
      SNIPPET: <mark>microsoft</mark> investig trojan program attempt switch firm antispywar softwar spywar tool releas

QUERY: 'Army Scotland regiments decision' (Tempo: 0.0140s)
----------------------------------------
Rank 1: scotland 1810 itali...
      Contenuto: six chri paterson penalti gave scotland victori dour clinic encount itali murray...
      Categoria: Sport
      SNIPPET: six chri paterson penalti gave <mark>scotland</mark> victori dour clinic encount itali murrayfield coach matt
Rank 2: odriscol scotland game...
      Contenuto: ireland captain brian odriscol rule saturday rb six nation clash scotland odrisc...
      Categoria: Sport
      SNIPPET: ireland captain brian odriscol rule saturday rb six nation clash <mark>scotland</mark> odriscol origin name
Rank 3: souness back smith scotland...
      Contenuto: graem souness believ walter smith would perfect choic succeed berti vogt scotlan...
      Categoria: Sport
      SNIPPET: graem souness believ walter smith would perfect choic succeed berti vogt <mark>scotland</mark> manag sounesss
Rank 4: taylor pois scotland return...
      Contenuto: simon taylor name scotland squad saturday six nation clash itali 25yearold numbe...
      Categoria: Sport
      SNIPPET: simon taylor name <mark>scotland</mark> squad saturday six nation clash itali 25yearold number eight made score
Rank 5: ref stand scotland decis...
      Contenuto: refere saturday franc v scotland six nation match defend offici handl game criti...
      Categoria: Sport
      SNIPPET: refere saturday franc v <mark>scotland</mark> six nation match defend offici handl game critic matt william

QUERY: 'Smoking ban Scotland public' (Tempo: 0.0140s)
----------------------------------------
Rank 1: china ban new tobacco factori...
      Contenuto: world biggest tobacco consum china said allow new tobacco factori built china al...
      Categoria: Business
      SNIPPET:  cigarettemak capac accord spokesman <mark>tobacco</mark> industri regul quot china daili <mark>ban</mark> threaten reignit tension
Rank 2: scot smoke ban detail set...
      Contenuto: smokefre area save live improv scotland health first minist jack mcconnel insist...
      Categoria: Politics
      SNIPPET:  clear <mark>scotland</mark> must held back poor <mark>public</mark> <mark>health</mark> singl biggest contribut devolv govern make reduc
Rank 3: public show reynold portrait...
      Contenuto: sir joshua reynold portrait omai get public air follow fear would stay hidden ex...
      Categoria: Entertainment
      SNIPPET: sir joshua reynold portrait omai get <mark>public</mark> air follow fear would stay hidden export wrangl tate
Rank 4: hunt ban support declin...
      Contenuto: support ban hunt fallen past six year poll suggest less half uk want ban compar ...
      Categoria: Politics
      SNIPPET: support <mark>ban</mark> hunt fallen past six year poll suggest less half uk want <mark>ban</mark> compar almost twothird
Rank 5: pountney hand ban fine...
      Contenuto: northampton coach budg pountney fine £2000 ban matchday coach six week call refe...
      Categoria: Sport
      SNIPPET:  probyn <mark>ban</mark> mean former <mark>scotland</mark> intern pountney cannot enter play enclosur technic area go near

QUERY: 'Wayne Rooney football transfer' (Tempo: 0.0116s)
----------------------------------------
Rank 1: stam spice man utd encount...
      Contenuto: ac milan defend jaap stam say manchest unit know made mistak sell 2001 side meet...
      Categoria: Sport
      SNIPPET:  claim autobiographi ferguson tap psv eindhoven ferguson insist sold defend <mark>transfer</mark> fee good refus
Rank 2: man utd exet test...
      Contenuto: manchest unit avoid fa cup upset edg past exet citi third round replay cristiano...
      Categoria: Sport
      SNIPPET:  slip ball paul jone leg nine minut unit wast host chanc make safe jone made great save wayn <mark>rooney</mark>
Rank 3: man utd stroll cup win...
      Contenuto: wayn rooney made win return everton manchest unit cruis fa cup quarterfin rooney...
      Categoria: Sport
      SNIPPET: wayn <mark>rooney</mark> made win return everton manchest unit cruis fa cup quarterfin <mark>rooney</mark> receiv hostil
Rank 4: man citi 02 man utd...
      Contenuto: manchest unit reduc chelsea premiership lead nine point scrappi victori manchest...
      Categoria: Sport
      SNIPPET: manchest unit reduc chelsea premiership lead nine point scrappi victori manchest citi wayn <mark>rooney</mark>
Rank 5: reaction spanish press...
      Contenuto: england 10 defeat spain wednesday domin back front page countri press thursday c...
      Categoria: Sport
      SNIPPET:  suppli racist abus england black player wayn <mark>rooney</mark> petul england inept perform spanish press make

QUERY: 'Tony Blair trust voters' (Tempo: 0.0110s)
----------------------------------------
Rank 1: kennedi question trust blair...
      Contenuto: lib dem leader charl kennedi said voter fundament lack trust toni blair prime mi...
      Categoria: Politics
      SNIPPET: lib dem leader charl kennedi said voter fundament lack <mark>trust</mark> toni <mark>blair</mark> prime minist said back
Rank 2: kennedi question trust blair...
      Contenuto: lib dem leader charl kennedi said voter fundament lack trust toni blair prime mi...
      Categoria: Politics
      SNIPPET: lib dem leader charl kennedi said voter fundament lack <mark>trust</mark> toni <mark>blair</mark> prime minist said back
Rank 3: blair face trust issu head...
      Contenuto: toni blair say face issu trust integr head elect campaign question answer sessio...
      Categoria: Politics
      SNIPPET: toni <mark>blair</mark> say face issu <mark>trust</mark> integr head elect campaign question answer session firsttim voter
Rank 4: voter dont trust politician...
      Contenuto: eight 10 voter trust politician tell truth new poll conduct bbc suggest 87 1000 ...
      Categoria: Politics
      SNIPPET:  choic next elect tori lib dem keen emphasis perceiv lack <mark>trust</mark> toni <mark>blair</mark> follow claim iraqi weapon
Rank 5: price trust pc secur...
      Contenuto: buy trust comput realli trust pc vendor ask technolog analyst bill thompson rece...
      Categoria: Technology
      SNIPPET: buy <mark>trust</mark> comput realli <mark>trust</mark> pc vendor ask technolog analyst bill thompson recent bought ibm

QUERY: 'Stamp duty property prices' (Tempo: 0.0113s)
----------------------------------------
Rank 1: lib dem target stamp duti...
      Contenuto: liber democrat promis rais stamp duti threshold win gener elect bid court firstt...
      Categoria: Politics
      SNIPPET: liber democrat promis rais <mark>stamp</mark> duti threshold win gener elect bid court firsttim hous buyer vinc
Rank 2: owen delight real display...
      Contenuto: michael owen revel return real madrid start lineup inspir 31 win real beti wedne...
      Categoria: Sport
      SNIPPET: michael owen revel return <mark>real</mark> madrid start lineup inspir 31 win <mark>real</mark> beti wednesday score first
Rank 3: real talk gravesen move...
      Contenuto: real madrid close £2m deal everton thoma gravesen dane agent travel spain hold t...
      Categoria: Sport
      SNIPPET: <mark>real</mark> madrid close £2m deal everton thoma gravesen dane agent travel spain hold talk move john
Rank 4: rey trick real admiss...
      Contenuto: jose antonio rey ad specul link move arsen real madrid fall victim radio prank s...
      Categoria: Sport
      SNIPPET: jose antonio rey ad specul link move arsen <mark>real</mark> madrid fall victim radio prank spaniard believ talk
Rank 5: beckham relief real go...
      Contenuto: david beckham express relief real madrid passag champion leagu knockout phase re...
      Categoria: Sport
      SNIPPET: david beckham express relief <mark>real</mark> madrid passag champion leagu knockout phase <mark>real</mark> 30 win roma

QUERY: 'Hollywood Oscar ceremony' (Tempo: 0.0099s)
----------------------------------------
Rank 1: hollywood readi oscar night...
      Contenuto: hollywood prepar biggest night film world calendar 77th academi award sunday hos...
      Categoria: Entertainment
      SNIPPET: <mark>hollywood</mark> prepar biggest night film world calendar 77th academi award sunday host star expect grace
Rank 2: babi becom new oscar favourit...
      Contenuto: clint eastwood box drama million dollar babi becom new favourit win best pictur ...
      Categoria: Entertainment
      SNIPPET:  favourit take home first ever <mark>oscar</mark> million dollar babi <mark>oscar</mark> take place <mark>hollywood</mark> kodak theatr 27
Rank 3: oscar steer clear controversi...
      Contenuto: oscar nomin list left controversi film past year favour safer less contenti cine...
      Categoria: Entertainment
      SNIPPET: <mark>oscar</mark> nomin list left controversi film past year favour safer less contenti cinema best film nomine
Rank 4: bookmak back aviat oscar...
      Contenuto: aviat tip uk bookmak favourit win best film award year oscar ray star jami foxx ...
      Categoria: Entertainment
      SNIPPET: aviat tip uk bookmak favourit win best film award year <mark>oscar</mark> ray star jami foxx clear favourit best
Rank 5: aviat creator oscar snub...
      Contenuto: man said got oscarnomin movi aviat ground sign leonardo dicaprio shut academi aw...
      Categoria: Entertainment
      SNIPPET:  jr battl role peopl eventu made film produc credit list produc win best film <mark>oscar</mark> due limit number

QUERY: 'EU European Union rules' (Tempo: 0.0100s)
----------------------------------------
Rank 1: labour eu propaganda...
      Contenuto: taxpay subsidis propaganda exercis eu use lull british public fals sens secur sa...
      Categoria: Politics
      SNIPPET:  establish constitut <mark>european</mark> <mark>union</mark> elector commiss thursday said satisfi question easi understand
Rank 2: eu referendum question unveil...
      Contenuto: question ask referendum eu constitut unveil govern unit kingdom approv treati es...
      Categoria: Politics
      SNIPPET:  believ vote would mean leav <mark>european</mark> <mark>union</mark> ask us want leav <mark>eu</mark> better much sooner liber democrat leader
Rank 3: eu softwar patent law delay...
      Contenuto: controversi new eu rule patent computerbas invent put hold due last minut interv...
      Categoria: Technology
      SNIPPET:  direct would inflict ad <mark>european</mark> parliament alreadi clash <mark>european</mark> <mark>union</mark> issu accus process decid
Rank 4: labour accus eu propaganda...
      Contenuto: taxpay subsidis propaganda exercis eu use lull british public fals sens secur sa...
      Categoria: Politics
      SNIPPET:  establish constitut <mark>european</mark> <mark>union</mark> elector commiss thursday said satisfi question easi understand
Rank 5: eu aim fuel develop aid...
      Contenuto: european union financ minist meet thursday discuss propos includ tax jet fuel bo...
      Categoria: Business
      SNIPPET: <mark>european</mark> <mark>union</mark> financ minist meet thursday discuss propos includ tax jet fuel boost develop aid

QUERY: 'Climate change environment' (Tempo: 0.0106s)
----------------------------------------
Rank 1: green report shun suppli chain...
      Contenuto: nearli 20 uk top 250 firm produc nonfinanci report social environ issu last year...
      Categoria: Business
      SNIPPET:  76 didnt examin suppli chain say annual direct survey <mark>green</mark> group say put pressur suppli chain
Rank 2: green fear transport ballot...
      Contenuto: green parti concern thousand resid may abl vote edinburgh transport referendum e...
      Categoria: Politics
      SNIPPET: <mark>green</mark> parti concern thousand resid may abl vote edinburgh transport referendum edinburgh citi
Rank 3: green set sight world titl...
      Contenuto: mauric green aim wipe pain lose olymp 100m titl athen win fourth world champions...
      Categoria: Sport
      SNIPPET: mauric <mark>green</mark> aim wipe pain lose olymp 100m titl athen win fourth world championship crown summer
Rank 4: oil rebound weather effect...
      Contenuto: oil price recov asian trade tuesday fall new york milder winter weather across u...
      Categoria: Business
      SNIPPET: oil price recov asian trade tuesday fall new york milder winter <mark>weather</mark> across us winter temperatur
Rank 5: bad weather hit nestl sale...
      Contenuto: combin bad weather rise raw materi cost sluggish european economi hit sale swiss...
      Categoria: Business
      SNIPPET: combin bad <mark>weather</mark> rise raw materi cost sluggish european economi hit sale swiss food drink giant

QUERY: 'University students tuition' (Tempo: 0.0077s)
----------------------------------------
Rank 1: student inequ expos...
      Contenuto: teenag welloff background six time like go univers depriv area report say higher...
      Categoria: Politics
      SNIPPET:  sir howard newbi increasingli women men went univers <mark>tuition</mark> fee <mark>student</mark> loan made major differ hefc
Rank 2: student fee factor play...
      Contenuto: rise record number student south border appli univers scotland howev lifelong le...
      Categoria: Politics
      SNIPPET:  last year mr wallac announc propos increas <mark>tuition</mark> fee english <mark>student</mark> studi scotland £2000 attempt
Rank 3: lib dem target student vote...
      Contenuto: student decid fate mp seat next elect liber democrat leader charl kennedi claim ...
      Categoria: Politics
      SNIPPET:  higher educ lib dem plan <mark>student</mark> would even studi near home conserv say would abolish univers <mark>tuition</mark> fee
Rank 4: blind student hear colour...
      Contenuto: blind student develop softwar turn colour music note read weather map victor won...
      Categoria: Technology
      SNIPPET: blind <mark>student</mark> develop softwar turn colour music note read weather map victor wong graduat <mark>student</mark>
Rank 5: blind student hear colour...
      Contenuto: blind student develop softwar turn colour music note read weather map victor won...
      Categoria: Technology
      SNIPPET: blind <mark>student</mark> develop softwar turn colour music note read weather map victor wong graduat <mark>student</mark>

TEMPO MEDIO BM25: 0.0164 secondi

==================================================
RISULTATI RICERCA TF-IDF
==================================================
