================================================================================
RICERCA PYLUCENE - 2025-08-21 11:42:14
================================================================================
File CSV: ../docs/dataset.csv
Directory indice: /Users/leovita/uni/unidev/GestioneInfo/pylucene/pylucene-10.0.0/full-text-search/indexing
Query testate: 11
================================================================================

==================================================
RISULTATI RICERCA BM25
==================================================

QUERY: 'Night Christmas' (Tempo: 0.0635s)
----------------------------------------
Rank 1: mild winter drive us oil 6...
      Contenuto: us oil price fallen 6 driven forecast mild winter dens popul northeast light cru...
      Categoria: Business
      SNIPPET EVIDENZIATO: us oil price fallen 6 driven forecast mild <mark>winter</mark> dens popul northeast light crude oil futur fell
Rank 2: drive save festiv holiday...
      Contenuto: effort made protect worker day christma day new year day support sought bill wou...
      Categoria: Politics
      SNIPPET EVIDENZIATO:  tradit <mark>holiday</mark> start endofyear sale christma day new year day ms whitefield said found member public
Rank 3: liverpool revel night glori...
      Contenuto: liverpool manag rafael benitez said qualif next stage champion leagu one proudes...
      Categoria: Sport
      SNIPPET EVIDENZIATO:  beat olympiako 31 <mark>late</mark> steven gerrard strike benitez said realli great <mark>night</mark> player ran hard time
Rank 4: voucher cut winter death...
      Contenuto: pension promis energi save liber democrat snow cold temperatur continu parti say...
      Categoria: Politics
      SNIPPET EVIDENZIATO:  averag pension £100 everi year cut <mark>winter</mark> death govern give £200 <mark>winter</mark> fuel household peopl 60 £300
Rank 5: god cut dark materi film...
      Contenuto: director screenwrit film adapt philip pullman dark materi remov refer god church...
      Categoria: Entertainment
      SNIPPET EVIDENZIATO: director screenwrit film adapt philip pullman <mark>dark</mark> materi remov refer god church movi chri weitz

QUERY: 'Tennis shoes' (Tempo: 0.0027s)
----------------------------------------
Nessun risultato trovato

QUERY: 'Negro' (Tempo: 0.0033s)
----------------------------------------
Nessun risultato trovato

QUERY: 'Technology advancement' (Tempo: 0.0909s)
----------------------------------------
Rank 1: nuclear bodi seek new tech...
      Contenuto: comput system use monitor world nuclear power instal outdat hamper work inspecto...
      Categoria: Technology
      SNIPPET EVIDENZIATO: comput system use monitor world nuclear power instal outdat hamper work inspector spokesman intern atom energi agenc iaea said current technolog could allow key inform overlook 20 year old system meth...
Rank 2: tech help disabl speed demon...
      Contenuto: organis launch encourag disabl peopl get involv aspect motorsport increasingli p...
      Categoria: Technology
      SNIPPET EVIDENZIATO: organis launch encourag disabl peopl get involv aspect motorsport increasingli possibl thank technolog innov motorsport endeavour club left start grid yesterday autosport intern 2005 show birmingham n...
Rank 3: goahead new internet name...
      Contenuto: internet could soon two new domain name aim mobil servic job market internet cor...
      Categoria: Technology
      SNIPPET EVIDENZIATO: <mark>internet</mark> could soon two new domain name aim mobil servic job market <mark>internet</mark> corpor assign name
Rank 4: progress new internet domain...
      Contenuto: earli 2005 net could two new domain name post travel net domain given preliminar...
      Categoria: Technology
      SNIPPET EVIDENZIATO:  administr bodi name two total 10 propos domain consid <mark>internet</mark> corpor assign name number icann propos name
Rank 5: progress new internet domain...
      Contenuto: earli 2005 net could two new domain name post travel net domain given preliminar...
      Categoria: Technology
      SNIPPET EVIDENZIATO:  administr bodi name two total 10 propos domain consid <mark>internet</mark> corpor assign name number icann propos name

QUERY: 'Economy trends' (Tempo: 0.0028s)
----------------------------------------
Nessun risultato trovato

QUERY: 'Political news' (Tempo: 0.0174s)
----------------------------------------
Rank 1: amex share spinoff news...
      Contenuto: share american express surg 8 tuesday said spin less profit financi advisori sub...
      Categoria: Business
      SNIPPET EVIDENZIATO: share american express surg 8 tuesday said spin less profit financi advisori subsidiari us credit card travel servic giant said offload american express financi advisor aefa would boost profit aefa 12...
Rank 2: china block googl news site...
      Contenuto: china accus block access googl news media watchdog report without border parisba...
      Categoria: Technology
      SNIPPET EVIDENZIATO: china accus block access googl <mark>news</mark> media watchdog report without border parisbas pressur group
Rank 3: news corp make 54bn fox offer...
      Contenuto: news corpor seek buy minor investor fox entertain group broadcast subsidiari 54b...
      Categoria: Business
      SNIPPET EVIDENZIATO: <mark>news</mark> corpor seek buy minor investor fox entertain group broadcast subsidiari 54bn £37bn media giant
Rank 4: news corp eye video game market...
      Contenuto: news corp media compani control australian billionair rupert murdoch eye move vi...
      Categoria: Business
      SNIPPET EVIDENZIATO: <mark>news</mark> corp media compani control australian billionair rupert murdoch eye move video game market
Rank 5: news corp eye video game market...
      Contenuto: news corp media compani control australian billionair rupert murdoch eye move vi...
      Categoria: Business
      SNIPPET EVIDENZIATO: <mark>news</mark> corp media compani control australian billionair rupert murdoch eye move video game market

QUERY: 'Health tips' (Tempo: 0.0131s)
----------------------------------------
Rank 1: glanc tori health check...
      Contenuto: uk opposit conserv unveil plan introduc health check immigr win gener elect here...
      Categoria: Politics
      SNIPPET EVIDENZIATO: uk opposit conserv unveil plan introduc <mark>health</mark> check immigr win gener elect here guid plan peopl
Rank 2: tori plan migrant health check...
      Contenuto: noneuropean union citizen want work uk undergo test tuberculosi hiv plan unveil ...
      Categoria: Politics
      SNIPPET EVIDENZIATO:  would help protect public <mark>health</mark> nh labour said mani test alreadi done lib dem warn parti pander
Rank 3: wale must learn health lesson...
      Contenuto: new health minist wale say lesson learn england tackl wait list dr brian gibbon ...
      Categoria: Politics
      SNIPPET EVIDENZIATO: new <mark>health</mark> minist wale say lesson learn england tackl wait list dr brian gibbon first full day job
Rank 4: hospit suspend welsh plan...
      Contenuto: english hospit suspend plan stop treat welsh patient wait three month hereford c...
      Categoria: Politics
      SNIPPET EVIDENZIATO:  patient shock <mark>health</mark> offici powi said meant would left prospect patient <mark>doctor</mark> find new appoint hospit
Rank 5: readi inform act...
      Contenuto: thousand public bodi illprepar freedom inform act due come forc next month gover...
      Categoria: Politics
      SNIPPET EVIDENZIATO:  next month anyon power demand inform rang public bodi whitehal depart <mark>doctor</mark> surgeri allparti committe

QUERY: 'Global warming' (Tempo: 0.0074s)
----------------------------------------
Rank 1: bollywood draw global star...
      Contenuto: british actress antonia bernath make debut kisna warrior poet mark grow trend no...
      Categoria: Entertainment
      SNIPPET EVIDENZIATO:  broken tradit boundari colour cultur spur bollywood produc tri go <mark>global</mark> aspect filmmak technic
Rank 2: global digit divid narrow...
      Contenuto: digit divid rich poor nation narrow fast accord world bank report world bank que...
      Categoria: Technology
      SNIPPET EVIDENZIATO: digit divid rich poor nation narrow fast accord world bank report world bank question unit nation campaign increas usag access technolog poorer nation peopl develop world get access incred rate far fa...
Rank 3: global blogger action day call...
      Contenuto: global web blog commun call action lend support two imprison iranian blogger mon...
      Categoria: Technology
      SNIPPET EVIDENZIATO: <mark>global</mark> web blog commun call action lend support two imprison iranian blogger monthold committe
Rank 4: global releas japan hit film...
      Contenuto: oscarwin anim hayao miyazaki latest film howl move castl releas 50 countri aroun...
      Categoria: Entertainment
      SNIPPET EVIDENZIATO: oscarwin anim hayao miyazaki latest film howl move castl releas 50 countri around world distributor said howl move castl set japanes box offic record last week take 15bn yen £77m first two day miyazak...
Rank 5: ore cost hit global steel firm...
      Contenuto: share steel firm drop worldwid amid concern higher iron ore cost hit profit grow...
      Categoria: Business
      SNIPPET EVIDENZIATO:  countri china india steel price rose 8 <mark>global</mark> januari alon 24 china boom time far analyst say earn

QUERY: 'Sports update' (Tempo: 0.0087s)
----------------------------------------
Rank 1: fresh hope argentin crisi...
      Contenuto: three year argentina hit deadli econom crisi fresh hope countri economi set grow...
      Categoria: Business
      SNIPPET EVIDENZIATO: three year argentina hit deadli econom crisi <mark>fresh</mark> hope countri economi set grow 8 year see 9
Rank 2: imf agre fresh turkey fund...
      Contenuto: turkey agre draft propos intern monetari fund borrow 10bn £519bn extend ongo fin...
      Categoria: Business
      SNIPPET EVIDENZIATO:  turkey <mark>current</mark> 186bn loan agreement imf expir februari new deal would see receiv ad support 2005 2007
Rank 3: latest opera browser get vocal...
      Contenuto: net browser opera 80 due offici releas end next month access browser market acco...
      Categoria: Technology
      SNIPPET EVIDENZIATO: net browser opera 80 due offici releas end next month access browser market accord author <mark>latest</mark>
Rank 4: latest opera browser get vocal...
      Contenuto: net browser opera 80 due offici releas end next month access browser market acco...
      Categoria: Technology
      SNIPPET EVIDENZIATO: net browser opera 80 due offici releas end next month access browser market accord author <mark>latest</mark>
Rank 5: news corp make 54bn fox offer...
      Contenuto: news corpor seek buy minor investor fox entertain group broadcast subsidiari 54b...
      Categoria: Business
      SNIPPET EVIDENZIATO:  follow <mark>news</mark> corp decis regist busi us 20th centuri fox <mark>recent</mark> film releas includ heart huckabe robot

QUERY: 'Fashion trends' (Tempo: 0.0060s)
----------------------------------------
Rank 1: lacroix label bought us firm...
      Contenuto: luxuri good group lvmh sold lossmak christian lacroix cloth label us invest grou...
      Categoria: Business
      SNIPPET EVIDENZIATO:  lvmh 2003 sale lacroix label come mani <mark>fashion</mark> hous struggl make money expens haut coutur rang
Rank 2: artist secret postcard sale...
      Contenuto: postcard artist includ damien hirst tracey emin sold hour open royal academi art...
      Categoria: Entertainment
      SNIPPET EVIDENZIATO:  work would known look exhibit open view sinc 19 novemb film director ken loach <mark>fashion</mark> design hussein
Rank 3: versac art portfolio sale...
      Contenuto: art collect murder fashion design gianni versac could fetch £9m 17m auction new ...
      Categoria: Entertainment
      SNIPPET EVIDENZIATO: art collect murder <mark>fashion</mark> design gianni versac could fetch £9m 17m auction new york london later
Rank 4: umbro profit lift euro 2004...
      Contenuto: uk sportswear firm umbro post 222 rise annual profit sale replica england footba...
      Categoria: Business
      SNIPPET EVIDENZIATO:  market seen sale growth 8 last year said launch evolut x <mark>fashion</mark> rang boost sale umbro suppli 150 team
Rank 5: chelsea clinch cup extratim...
      Contenuto: extratim score 90 min 11 john arn riis volley liverpool ahead 45 second steven g...
      Categoria: Sport
      SNIPPET EVIDENZIATO:  <mark>fashion</mark> next clear opportun lui garcia fed dietmar hamann whose shot forc superb save cech blue

QUERY: 'Educational reforms' (Tempo: 0.0017s)
----------------------------------------
Nessun risultato trovato

TEMPO MEDIO BM25: 0.0198 secondi

==================================================
RISULTATI RICERCA TF-IDF
==================================================

QUERY: 'Night Christmas' (Tempo: 0.0071s)
----------------------------------------
Rank 1: drive save festiv holiday...
      Contenuto: effort made protect worker day christma day new year day support sought bill wou...
      Categoria: Politics
      SNIPPET EVIDENZIATO:  tradit <mark>holiday</mark> start endofyear sale christma day new year day ms whitefield said found member public
Rank 2: voucher cut winter death...
      Contenuto: pension promis energi save liber democrat snow cold temperatur continu parti say...
      Categoria: Politics
      SNIPPET EVIDENZIATO:  averag pension £100 everi year cut <mark>winter</mark> death govern give £200 <mark>winter</mark> fuel household peopl 60 £300
Rank 3: liverpool revel night glori...
      Contenuto: liverpool manag rafael benitez said qualif next stage champion leagu one proudes...
      Categoria: Sport
      SNIPPET EVIDENZIATO:  beat olympiako 31 <mark>late</mark> steven gerrard strike benitez said realli great <mark>night</mark> player ran hard time
Rank 4: hollywood readi oscar night...
      Contenuto: hollywood prepar biggest night film world calendar 77th academi award sunday hos...
      Categoria: Entertainment
      SNIPPET EVIDENZIATO: hollywood prepar biggest <mark>night</mark> film world calendar 77th academi award sunday host star expect grace
Rank 5: god cut dark materi film...
      Contenuto: director screenwrit film adapt philip pullman dark materi remov refer god church...
      Categoria: Entertainment
      SNIPPET EVIDENZIATO: director screenwrit film adapt philip pullman <mark>dark</mark> materi remov refer god church movi chri weitz

QUERY: 'Tennis shoes' (Tempo: 0.0015s)
----------------------------------------
Nessun risultato trovato

QUERY: 'Negro' (Tempo: 0.0027s)
----------------------------------------
Nessun risultato trovato

QUERY: 'Technology advancement' (Tempo: 0.0063s)
----------------------------------------
Rank 1: goahead new internet name...
      Contenuto: internet could soon two new domain name aim mobil servic job market internet cor...
      Categoria: Technology
      SNIPPET EVIDENZIATO: <mark>internet</mark> could soon two new domain name aim mobil servic job market <mark>internet</mark> corpor assign name
Rank 2: progress new internet domain...
      Contenuto: earli 2005 net could two new domain name post travel net domain given preliminar...
      Categoria: Technology
      SNIPPET EVIDENZIATO:  administr bodi name two total 10 propos domain consid <mark>internet</mark> corpor assign name number icann propos name
Rank 3: progress new internet domain...
      Contenuto: earli 2005 net could two new domain name post travel net domain given preliminar...
      Categoria: Technology
      SNIPPET EVIDENZIATO:  administr bodi name two total 10 propos domain consid <mark>internet</mark> corpor assign name number icann propos name
Rank 4: call action internet scam...
      Contenuto: phone compani enough warn custom internet roguedial scam accord premium phone li...
      Categoria: Technology
      SNIPPET EVIDENZIATO: phone compani enough warn custom <mark>internet</mark> roguedial scam accord premium phone line regul icsti
Rank 5: nuclear bodi seek new tech...
      Contenuto: comput system use monitor world nuclear power instal outdat hamper work inspecto...
      Categoria: Technology
      SNIPPET EVIDENZIATO: comput system use monitor world nuclear power instal outdat hamper work inspector spokesman intern atom energi agenc iaea said current technolog could allow key inform overlook 20 year old system meth...

QUERY: 'Economy trends' (Tempo: 0.0017s)
----------------------------------------
Nessun risultato trovato

QUERY: 'Political news' (Tempo: 0.0047s)
----------------------------------------
Rank 1: amex share spinoff news...
      Contenuto: share american express surg 8 tuesday said spin less profit financi advisori sub...
      Categoria: Business
      SNIPPET EVIDENZIATO: share american express surg 8 tuesday said spin less profit financi advisori subsidiari us credit card travel servic giant said offload american express financi advisor aefa would boost profit aefa 12...
Rank 2: china block googl news site...
      Contenuto: china accus block access googl news media watchdog report without border parisba...
      Categoria: Technology
      SNIPPET EVIDENZIATO: china accus block access googl <mark>news</mark> media watchdog report without border parisbas pressur group
Rank 3: news corp make 54bn fox offer...
      Contenuto: news corpor seek buy minor investor fox entertain group broadcast subsidiari 54b...
      Categoria: Business
      SNIPPET EVIDENZIATO: <mark>news</mark> corpor seek buy minor investor fox entertain group broadcast subsidiari 54bn £37bn media giant
Rank 4: news corp eye video game market...
      Contenuto: news corp media compani control australian billionair rupert murdoch eye move vi...
      Categoria: Business
      SNIPPET EVIDENZIATO: <mark>news</mark> corp media compani control australian billionair rupert murdoch eye move video game market
Rank 5: news corp eye video game market...
      Contenuto: news corp media compani control australian billionair rupert murdoch eye move vi...
      Categoria: Business
      SNIPPET EVIDENZIATO: <mark>news</mark> corp media compani control australian billionair rupert murdoch eye move video game market

QUERY: 'Health tips' (Tempo: 0.0050s)
----------------------------------------
Rank 1: glanc tori health check...
      Contenuto: uk opposit conserv unveil plan introduc health check immigr win gener elect here...
      Categoria: Politics
      SNIPPET EVIDENZIATO: uk opposit conserv unveil plan introduc <mark>health</mark> check immigr win gener elect here guid plan peopl
Rank 2: tori plan migrant health check...
      Contenuto: noneuropean union citizen want work uk undergo test tuberculosi hiv plan unveil ...
      Categoria: Politics
      SNIPPET EVIDENZIATO:  would help protect public <mark>health</mark> nh labour said mani test alreadi done lib dem warn parti pander
Rank 3: wale must learn health lesson...
      Contenuto: new health minist wale say lesson learn england tackl wait list dr brian gibbon ...
      Categoria: Politics
      SNIPPET EVIDENZIATO: new <mark>health</mark> minist wale say lesson learn england tackl wait list dr brian gibbon first full day job
Rank 4: hospit suspend welsh plan...
      Contenuto: english hospit suspend plan stop treat welsh patient wait three month hereford c...
      Categoria: Politics
      SNIPPET EVIDENZIATO:  patient shock <mark>health</mark> offici powi said meant would left prospect patient <mark>doctor</mark> find new appoint hospit
Rank 5: protect whistleblow tuc say...
      Contenuto: govern chang law give protect employe rais health safeti concern workplac tuc sa...
      Categoria: Politics
      SNIPPET EVIDENZIATO: govern chang law give protect employe rais <mark>health</mark> safeti concern workplac tuc said said data employ

QUERY: 'Global warming' (Tempo: 0.0046s)
----------------------------------------
Rank 1: bollywood draw global star...
      Contenuto: british actress antonia bernath make debut kisna warrior poet mark grow trend no...
      Categoria: Entertainment
      SNIPPET EVIDENZIATO:  broken tradit boundari colour cultur spur bollywood produc tri go <mark>global</mark> aspect filmmak technic
Rank 2: global digit divid narrow...
      Contenuto: digit divid rich poor nation narrow fast accord world bank report world bank que...
      Categoria: Technology
      SNIPPET EVIDENZIATO: digit divid rich poor nation narrow fast accord world bank report world bank question unit nation campaign increas usag access technolog poorer nation peopl develop world get access incred rate far fa...
Rank 3: global blogger action day call...
      Contenuto: global web blog commun call action lend support two imprison iranian blogger mon...
      Categoria: Technology
      SNIPPET EVIDENZIATO: <mark>global</mark> web blog commun call action lend support two imprison iranian blogger monthold committe
Rank 4: global releas japan hit film...
      Contenuto: oscarwin anim hayao miyazaki latest film howl move castl releas 50 countri aroun...
      Categoria: Entertainment
      SNIPPET EVIDENZIATO: oscarwin anim hayao miyazaki latest film howl move castl releas 50 countri around world distributor said howl move castl set japanes box offic record last week take 15bn yen £77m first two day miyazak...
Rank 5: ore cost hit global steel firm...
      Contenuto: share steel firm drop worldwid amid concern higher iron ore cost hit profit grow...
      Categoria: Business
      SNIPPET EVIDENZIATO:  countri china india steel price rose 8 <mark>global</mark> januari alon 24 china boom time far analyst say earn

QUERY: 'Sports update' (Tempo: 0.0059s)
----------------------------------------
Rank 1: fresh hope argentin crisi...
      Contenuto: three year argentina hit deadli econom crisi fresh hope countri economi set grow...
      Categoria: Business
      SNIPPET EVIDENZIATO: three year argentina hit deadli econom crisi <mark>fresh</mark> hope countri economi set grow 8 year see 9
Rank 2: latest opera browser get vocal...
      Contenuto: net browser opera 80 due offici releas end next month access browser market acco...
      Categoria: Technology
      SNIPPET EVIDENZIATO: net browser opera 80 due offici releas end next month access browser market accord author <mark>latest</mark>
Rank 3: latest opera browser get vocal...
      Contenuto: net browser opera 80 due offici releas end next month access browser market acco...
      Categoria: Technology
      SNIPPET EVIDENZIATO: net browser opera 80 due offici releas end next month access browser market accord author <mark>latest</mark>
Rank 4: imf agre fresh turkey fund...
      Contenuto: turkey agre draft propos intern monetari fund borrow 10bn £519bn extend ongo fin...
      Categoria: Business
      SNIPPET EVIDENZIATO:  turkey <mark>current</mark> 186bn loan agreement imf expir februari new deal would see receiv ad support 2005 2007
Rank 5: amex share spinoff news...
      Contenuto: share american express surg 8 tuesday said spin less profit financi advisori sub...
      Categoria: Business
      SNIPPET EVIDENZIATO: share american express surg 8 tuesday said spin less profit financi advisori subsidiari us credit card travel servic giant said offload american express financi advisor aefa would boost profit aefa 12...

QUERY: 'Fashion trends' (Tempo: 0.0036s)
----------------------------------------
Rank 1: lacroix label bought us firm...
      Contenuto: luxuri good group lvmh sold lossmak christian lacroix cloth label us invest grou...
      Categoria: Business
      SNIPPET EVIDENZIATO:  lvmh 2003 sale lacroix label come mani <mark>fashion</mark> hous struggl make money expens haut coutur rang
Rank 2: artist secret postcard sale...
      Contenuto: postcard artist includ damien hirst tracey emin sold hour open royal academi art...
      Categoria: Entertainment
      SNIPPET EVIDENZIATO:  work would known look exhibit open view sinc 19 novemb film director ken loach <mark>fashion</mark> design hussein
Rank 3: versac art portfolio sale...
      Contenuto: art collect murder fashion design gianni versac could fetch £9m 17m auction new ...
      Categoria: Entertainment
      SNIPPET EVIDENZIATO: art collect murder <mark>fashion</mark> design gianni versac could fetch £9m 17m auction new york london later
Rank 4: umbro profit lift euro 2004...
      Contenuto: uk sportswear firm umbro post 222 rise annual profit sale replica england footba...
      Categoria: Business
      SNIPPET EVIDENZIATO:  market seen sale growth 8 last year said launch evolut x <mark>fashion</mark> rang boost sale umbro suppli 150 team
Rank 5: chelsea clinch cup extratim...
      Contenuto: extratim score 90 min 11 john arn riis volley liverpool ahead 45 second steven g...
      Categoria: Sport
      SNIPPET EVIDENZIATO:  <mark>fashion</mark> next clear opportun lui garcia fed dietmar hamann whose shot forc superb save cech blue

QUERY: 'Educational reforms' (Tempo: 0.0016s)
----------------------------------------
Nessun risultato trovato

TEMPO MEDIO TF-IDF: 0.0041 secondi

================================================================================
TEST FUNZIONALITÀ AVANZATE
================================================================================

--- SPELL CHECKING ---
Corretto: 'tecnology advancement' → 'technology advancement'
Corretto: 'bussiness trends' → 'business trends'
Corretto: 'helth tips' → 'health tips'
Corretto: 'nite christmas' → 'night christmas'

--- QUERY EXPANSION ---
Espanso: 'technology' → 'technology tech digital computer software hardware internet'
Espanso: 'health' → 'health medical wellness fitness medicine hospital doctor'
Espanso: 'christmas' → 'christmas xmas holiday festive winter december'

--- FILTRO PER CATEGORIA ---
