================================================================================
RICERCA PYLUCENE - 2025-08-21 11:28:43
================================================================================
File CSV: ../docs/dataset.csv
Directory indice: /Users/leovita/uni/unidev/GestioneInfo/pylucene/pylucene-10.0.0/full-text-search/indexing
Query testate: 11
================================================================================

==================================================
RISULTATI RICERCA BM25
==================================================

QUERY: 'Night Christmas' (Tempo: 0.0548s)
----------------------------------------
Rank 1: cardin criticis iraq war cost...
      Contenuto: billion pound spent conflict iraq middl east use reduc poverti cardin cormac mur...
      Categoria: Politics
Rank 2: viru pose christma email...
      Contenuto: secur firm warn window viru disguis electron christma card zafid viru translat c...
      Categoria: Technology
Rank 3: viru pose christma email...
      Contenuto: secur firm warn window viru disguis electron christma card zafid viru translat c...
      Categoria: Technology
Rank 4: christma sale worst sinc 1981...
      Contenuto: uk retail sale fell decemb fail meet expect make count worst christma sinc 1981 ...
      Categoria: Business
Rank 5: tripl triumph littl britain...
      Contenuto: top tv cult hit littl britain triumph offic 15th annual british comedi award bbc...
      Categoria: Entertainment

QUERY: 'Tennis shoes' (Tempo: 0.0210s)
----------------------------------------
Rank 1: women mp reveal sexist taunt...
      Contenuto: women mp endur shock level sexist abus hand male counterpart new studi show male...
      Categoria: Politics
Rank 2: labour pig poster antisemit...
      Contenuto: labour parti accus antisemit poster depict michael howard oliv letwin jewish fli...
      Categoria: Politics
Rank 3: rapper 50 cent end proteg feud...
      Contenuto: rapper 50 cent end public feud proteg game pair said want good role model commun...
      Categoria: Entertainment
Rank 4: smart search let art fan brows...
      Contenuto: dont know art know like new search technolog could prove use gateway paint artga...
      Categoria: Technology
Rank 5: milburn defend poster campaign...
      Contenuto: labour elect chief alan milburn defend parti campaign poster amid tori claim ad ...
      Categoria: Politics

QUERY: 'Negro' (Tempo: 0.0117s)
----------------------------------------
Rank 1: ail eurodisney vow turnaround...
      Contenuto: eurodisney european home mickey mous friend said sell 253m euro £175m 328m new s...
      Categoria: Business
Rank 2: borussia dortmund near bust...
      Contenuto: german footbal club former european champion borussia dortmund warn go bankrupt ...
      Categoria: Business
Rank 3: asian bank halt dollar slide...
      Contenuto: dollar regain lost ground major currenc wednesday south korea japan deni plan se...
      Categoria: Business
Rank 4: shark tale dvd us bestsel...
      Contenuto: oscarnomin anim shark tale rake 80m £424m first week us dvd releas becom year be...
      Categoria: Entertainment
Rank 5: strong dollar call halt slide...
      Contenuto: us dollar slide euro yen halt us treasuri secretari john snow said strong dollar...
      Categoria: Business

QUERY: 'Technology advancement' (Tempo: 0.0112s)
----------------------------------------
Nessun risultato trovato

QUERY: 'Economy trends' (Tempo: 0.0119s)
----------------------------------------
Rank 1: uk net user lead tv download...
      Contenuto: british tv viewer lead trend illeg download us show net accord research new epis...
      Categoria: Technology
Rank 2: casual game take...
      Contenuto: game aim casual player set even bigger 2005 accord industri expert easytoplay ti...
      Categoria: Technology
Rank 3: mix christma us retail...
      Contenuto: us retail post mix result decemb luxuri retail fare well mani other forc slash p...
      Categoria: Business
Rank 4: tick budget face us...
      Contenuto: budget propos laid administr us presid georg w bush highli controversi washingto...
      Categoria: Business
Rank 5: landmark movi 2004 hail...
      Contenuto: us film profession declar fahrenheit 911 passion christ two signific cultur mile...
      Categoria: Entertainment

QUERY: 'Political news' (Tempo: 0.0161s)
----------------------------------------
Rank 1: voter dont trust politician...
      Contenuto: eight 10 voter trust politician tell truth new poll conduct bbc suggest 87 1000 ...
      Categoria: Politics
Rank 2: voter flock blog award site...
      Contenuto: vote way annual bloggi recognis best web blog onlin space peopl publish thought ...
      Categoria: Technology
Rank 3: blair said would stand...
      Contenuto: toni blair promis gordon brown would stand next elect new book chancellor claim ...
      Categoria: Politics
Rank 4: game firm face tough futur...
      Contenuto: uk video game firm face test time prepar next round game consol industri warn fr...
      Categoria: Technology
Rank 5: game maker fight surviv...
      Contenuto: one britain largest independ game maker argonaut game put sale londonbas compani...
      Categoria: Technology

QUERY: 'Health tips' (Tempo: 0.0124s)
----------------------------------------
Rank 1: hospit suspend welsh plan...
      Contenuto: english hospit suspend plan stop treat welsh patient wait three month hereford c...
      Categoria: Politics
Rank 2: scot smoke ban detail set...
      Contenuto: smokefre area save live improv scotland health first minist jack mcconnel insist...
      Categoria: Politics
Rank 3: wale must learn health lesson...
      Contenuto: new health minist wale say lesson learn england tackl wait list dr brian gibbon ...
      Categoria: Politics
Rank 4: protect whistleblow tuc say...
      Contenuto: govern chang law give protect employe rais health safeti concern workplac tuc sa...
      Categoria: Politics
Rank 5: nh wait time target cut...
      Contenuto: hospit wait time patient wale cut extent england welsh health minist jane hutt s...
      Categoria: Politics

QUERY: 'Global warming' (Tempo: 0.0079s)
----------------------------------------
Rank 1: springer criticis opera music...
      Contenuto: talk show host jerri springer whose programm inspir controversi opera shown bbc ...
      Categoria: Entertainment
Rank 2: winemak reject foster offer...
      Contenuto: australian winemak southcorp reject takeov offer worth 31bn australian dollar 23...
      Categoria: Business
Rank 3: euro firm miss optim...
      Contenuto: 90 larg compani around world highli optimist econom prospect survey 1300 boss su...
      Categoria: Business
Rank 4: boom market shed tear...
      Contenuto: market former british govern minist michael heseltin said moral inde stock excha...
      Categoria: Business
Rank 5: blair congratul bush win...
      Contenuto: toni blair said look forward continu strong relationship georg bush work second ...
      Categoria: Politics

QUERY: 'Sports update' (Tempo: 0.0102s)
----------------------------------------
Rank 1: microsoft releas patch...
      Contenuto: microsoft warn pc user updat system latest secur fix flaw window program monthli...
      Categoria: Technology
Rank 2: microsoft releas bumper patch...
      Contenuto: microsoft warn pc user updat system latest secur fix flaw window program monthli...
      Categoria: Technology
Rank 3: spear seek abort tour payment...
      Contenuto: singer britney spear su eight insur compani refus reimburs cancel 2004 world tou...
      Categoria: Entertainment
Rank 4: microsoft set sight spywar...
      Contenuto: window user could soon pay microsoft keep pc free spywar follow takeov antispywa...
      Categoria: Technology
Rank 5: microsoft make antipiraci move...
      Contenuto: microsoft say clamp peopl run pirat version window oper system restrict access s...
      Categoria: Technology

QUERY: 'Fashion trends' (Tempo: 0.0102s)
----------------------------------------
Rank 1: chelsea clinch cup extratim...
      Contenuto: extratim score 90 min 11 john arn riis volley liverpool ahead 45 second steven g...
      Categoria: Sport
Rank 2: uk net user lead tv download...
      Contenuto: british tv viewer lead trend illeg download us show net accord research new epis...
      Categoria: Technology
Rank 3: lacroix label bought us firm...
      Contenuto: luxuri good group lvmh sold lossmak christian lacroix cloth label us invest grou...
      Categoria: Business
Rank 4: bond game fail shake stir...
      Contenuto: game fan word goldeney evok excit memori jame bond reviv flick 1995 also classic...
      Categoria: Technology
Rank 5: artist secret postcard sale...
      Contenuto: postcard artist includ damien hirst tracey emin sold hour open royal academi art...
      Categoria: Entertainment

QUERY: 'Educational reforms' (Tempo: 0.0083s)
----------------------------------------
Rank 1: kinnock urg reform lord...
      Contenuto: neil kinnock said accept seat hous lord allow help achiev progress substanti dem...
      Categoria: Politics
Rank 2: germani call eu reform...
      Contenuto: german chancellor gerhard schroeder call radic reform eu stabil pact grant count...
      Categoria: Business
Rank 3: boothroyd call lord speaker...
      Contenuto: betti boothroyd said hous lord need speaker peer lead way reform upper chamber b...
      Categoria: Politics
Rank 4: boothroyd call lord speaker...
      Contenuto: betti boothroyd said hous lord need speaker peer lead way reform upper chamber b...
      Categoria: Politics
Rank 5: reform ahead say milburn...
      Contenuto: labour continu pursu controversi reform win third term power parti elect chief a...
      Categoria: Politics

TEMPO MEDIO BM25: 0.0160 secondi

==================================================
RISULTATI RICERCA TF-IDF
==================================================

QUERY: 'Night Christmas' (Tempo: 0.0099s)
----------------------------------------
Rank 1: christma song formula unveil...
      Contenuto: formula ultim christma singl reveal chart bibl british hit singl album recip inc...
      Categoria: Entertainment
Rank 2: viru pose christma email...
      Contenuto: secur firm warn window viru disguis electron christma card zafid viru translat c...
      Categoria: Technology
Rank 3: viru pose christma email...
      Contenuto: secur firm warn window viru disguis electron christma card zafid viru translat c...
      Categoria: Technology
Rank 4: cardin criticis iraq war cost...
      Contenuto: billion pound spent conflict iraq middl east use reduc poverti cardin cormac mur...
      Categoria: Politics
Rank 5: christma sale worst sinc 1981...
      Contenuto: uk retail sale fell decemb fail meet expect make count worst christma sinc 1981 ...
      Categoria: Business

QUERY: 'Tennis shoes' (Tempo: 0.0089s)
----------------------------------------
Rank 1: springer criticis opera music...
      Contenuto: talk show host jerri springer whose programm inspir controversi opera shown bbc ...
      Categoria: Entertainment
Rank 2: women mp reveal sexist taunt...
      Contenuto: women mp endur shock level sexist abus hand male counterpart new studi show male...
      Categoria: Politics
Rank 3: labour pig poster antisemit...
      Contenuto: labour parti accus antisemit poster depict michael howard oliv letwin jewish fli...
      Categoria: Politics
Rank 4: remot control rifl rang debut...
      Contenuto: soon could go hunt via net texa compani consid let web user use remotecontrol ri...
      Categoria: Technology
Rank 5: rapper 50 cent end proteg feud...
      Contenuto: rapper 50 cent end public feud proteg game pair said want good role model commun...
      Categoria: Entertainment

QUERY: 'Negro' (Tempo: 0.0081s)
----------------------------------------
Rank 1: newri fight cup exit court...
      Contenuto: newri citi expect discuss legal avenu friday regard overturn eject nationwid iri...
      Categoria: Sport
Rank 2: ail eurodisney vow turnaround...
      Contenuto: eurodisney european home mickey mous friend said sell 253m euro £175m 328m new s...
      Categoria: Business
Rank 3: deutsch telekom see mobil gain...
      Contenuto: german telecom firm deutsch telekom saw strong fourth quarter profit back upbeat...
      Categoria: Business
Rank 4: borussia dortmund near bust...
      Contenuto: german footbal club former european champion borussia dortmund warn go bankrupt ...
      Categoria: Business
Rank 5: dollar hit new low versu euro...
      Contenuto: us dollar continu recordbreak slide tumbl new low euro investor bet european cen...
      Categoria: Business

QUERY: 'Technology advancement' (Tempo: 0.0084s)
----------------------------------------
Nessun risultato trovato

QUERY: 'Economy trends' (Tempo: 0.0076s)
----------------------------------------
Rank 1: uk net user lead tv download...
      Contenuto: british tv viewer lead trend illeg download us show net accord research new epis...
      Categoria: Technology
Rank 2: mix signal french economi...
      Contenuto: french economi pick speed end 2004 offici figur show still look set fallen short...
      Categoria: Business
Rank 3: landmark movi 2004 hail...
      Contenuto: us film profession declar fahrenheit 911 passion christ two signific cultur mile...
      Categoria: Entertainment
Rank 4: mix christma us retail...
      Contenuto: us retail post mix result decemb luxuri retail fare well mani other forc slash p...
      Categoria: Business
Rank 5: casual game take...
      Contenuto: game aim casual player set even bigger 2005 accord industri expert easytoplay ti...
      Categoria: Technology

QUERY: 'Political news' (Tempo: 0.0115s)
----------------------------------------
Rank 1: news corp make 54bn fox offer...
      Contenuto: news corpor seek buy minor investor fox entertain group broadcast subsidiari 54b...
      Categoria: Business
Rank 2: ryanair 4bn boe plane deal...
      Contenuto: budget airlin ryanair place order 70 boe 737800 plane deal valu 4bn £21bn lead 2...
      Categoria: Business
Rank 3: game firm face tough futur...
      Contenuto: uk video game firm face test time prepar next round game consol industri warn fr...
      Categoria: Technology
Rank 4: ail eurodisney vow turnaround...
      Contenuto: eurodisney european home mickey mous friend said sell 253m euro £175m 328m new s...
      Categoria: Business
Rank 5: top pop leav bbc one...
      Contenuto: bbc flagship pop music programm top pop move bbc one friday sunday bbc two new p...
      Categoria: Entertainment

QUERY: 'Health tips' (Tempo: 0.0077s)
----------------------------------------
Rank 1: hospit suspend welsh plan...
      Contenuto: english hospit suspend plan stop treat welsh patient wait three month hereford c...
      Categoria: Politics
Rank 2: protect whistleblow tuc say...
      Contenuto: govern chang law give protect employe rais health safeti concern workplac tuc sa...
      Categoria: Politics
Rank 3: mourinho take swipe arsen...
      Contenuto: chelsea boss jose mourinho attempt pile pressur titl rival arsen ahead gunner fa...
      Categoria: Sport
Rank 4: scot smoke ban detail set...
      Contenuto: smokefre area save live improv scotland health first minist jack mcconnel insist...
      Categoria: Politics
Rank 5: wale must learn health lesson...
      Contenuto: new health minist wale say lesson learn england tackl wait list dr brian gibbon ...
      Categoria: Politics

QUERY: 'Global warming' (Tempo: 0.0089s)
----------------------------------------
Rank 1: springer criticis opera music...
      Contenuto: talk show host jerri springer whose programm inspir controversi opera shown bbc ...
      Categoria: Entertainment
Rank 2: winemak reject foster offer...
      Contenuto: australian winemak southcorp reject takeov offer worth 31bn australian dollar 23...
      Categoria: Business
Rank 3: euro firm miss optim...
      Contenuto: 90 larg compani around world highli optimist econom prospect survey 1300 boss su...
      Categoria: Business
Rank 4: boom market shed tear...
      Contenuto: market former british govern minist michael heseltin said moral inde stock excha...
      Categoria: Business
Rank 5: strong quarterli growth nike...
      Contenuto: nike report best secondquart earn help strong demand athlet shoe convers sneaker...
      Categoria: Business

QUERY: 'Sports update' (Tempo: 0.0066s)
----------------------------------------
Rank 1: microsoft releas patch...
      Contenuto: microsoft warn pc user updat system latest secur fix flaw window program monthli...
      Categoria: Technology
Rank 2: microsoft releas bumper patch...
      Contenuto: microsoft warn pc user updat system latest secur fix flaw window program monthli...
      Categoria: Technology
Rank 3: hacker threat appl itun...
      Contenuto: user appl music jukebox itun need updat softwar avoid potenti secur threat hacke...
      Categoria: Technology
Rank 4: spear seek abort tour payment...
      Contenuto: singer britney spear su eight insur compani refus reimburs cancel 2004 world tou...
      Categoria: Entertainment
Rank 5: microsoft make antipiraci move...
      Contenuto: microsoft say clamp peopl run pirat version window oper system restrict access s...
      Categoria: Technology

QUERY: 'Fashion trends' (Tempo: 0.0081s)
----------------------------------------
Rank 1: lacroix label bought us firm...
      Contenuto: luxuri good group lvmh sold lossmak christian lacroix cloth label us invest grou...
      Categoria: Business
Rank 2: chelsea clinch cup extratim...
      Contenuto: extratim score 90 min 11 john arn riis volley liverpool ahead 45 second steven g...
      Categoria: Sport
Rank 3: uk net user lead tv download...
      Contenuto: british tv viewer lead trend illeg download us show net accord research new epis...
      Categoria: Technology
Rank 4: artist secret postcard sale...
      Contenuto: postcard artist includ damien hirst tracey emin sold hour open royal academi art...
      Categoria: Entertainment
Rank 5: mix signal french economi...
      Contenuto: french economi pick speed end 2004 offici figur show still look set fallen short...
      Categoria: Business

QUERY: 'Educational reforms' (Tempo: 0.0060s)
----------------------------------------
Rank 1: kinnock urg reform lord...
      Contenuto: neil kinnock said accept seat hous lord allow help achiev progress substanti dem...
      Categoria: Politics
Rank 2: boothroyd call lord speaker...
      Contenuto: betti boothroyd said hous lord need speaker peer lead way reform upper chamber b...
      Categoria: Politics
Rank 3: boothroyd call lord speaker...
      Contenuto: betti boothroyd said hous lord need speaker peer lead way reform upper chamber b...
      Categoria: Politics
Rank 4: germani call eu reform...
      Contenuto: german chancellor gerhard schroeder call radic reform eu stabil pact grant count...
      Categoria: Business
Rank 5: reform ahead say milburn...
      Contenuto: labour continu pursu controversi reform win third term power parti elect chief a...
      Categoria: Politics

TEMPO MEDIO TF-IDF: 0.0083 secondi

================================================================================
RISULTATO FINALE
================================================================================
Modello TFIDF vince con tempo di esecuzione medio pari a 0.008340987292203035s vs 0.015959241173484108s
File log salvato: search_results_20250821_112843.log
================================================================================
